MPLINK 4.48, Linker
Linker Map File - Created Tue Jun 23 16:13:19 2015

                                 Section Info
                  Section       Type    Address   Location Size(Bytes)
                ---------  ---------  ---------  ---------  ---------
               _entry_scn       code   0x000000    program   0x000006
    HIGH_INTERRUPT_VECTOR       code   0x000008    program   0x000006
          .romdata_main.o    romdata   0x00000e    program   0x000008
     LOW_INTERRUPT_VECTOR       code   0x000018    program   0x000006
                   .cinit    romdata   0x00001e    program   0x00000e
             .code_main.o       code   0x00002c    program   0x000508
.romdata_usb_descriptors.o    romdata   0x000534    program   0x0000e5
        .romdata___init.o    romdata   0x000619    program   0x000000
        .idata___init.o_i    romdata   0x000619    program   0x000000
.romdata_usb_function_hid.o    romdata   0x000619    program   0x000000
.idata_usb_function_hid.o_i    romdata   0x000619    program   0x000000
    .romdata_usb_device.o    romdata   0x000619    program   0x000000
    .idata_usb_device.o_i    romdata   0x000619    program   0x000000
.idata_usb_descriptors.o_i    romdata   0x000619    program   0x000000
         .idata_c018i.o_i    romdata   0x000619    program   0x000000
         .romdata_c018i.o    romdata   0x000619    program   0x000000
            .code_c018i.o       code   0x00061a    program   0x000000
 .code_usb_function_hid.o       code   0x00061a    program   0x0000da
  .code_usb_descriptors.o       code   0x00061a    program   0x000000
               _cinit_scn       code   0x0006f4    program   0x00009e
                   STRING       code   0x000792    program   0x000034
                    .code       code   0x0007c6    program   0x000020
             _startup_scn       code   0x0007e6    program   0x00001c
    REMAPPED_RESET_VECTOR       code   0x001000    program   0x000006
           .code___init.o       code   0x001006    program   0x000002
REMAPPED_HIGH_INTERRUPT_VECTOR       code   0x001008    program   0x000006
          .idata_main.o_i    romdata   0x00100e    program   0x000004
REMAPPED_LOW_INTERRUPT_VECTOR       code   0x001018    program   0x000006
       .code_usb_device.o       code   0x00101e    program   0x001024
    .config_300000_main.o    romdata   0x300000    program   0x000001
    .config_300001_main.o    romdata   0x300001    program   0x000001
    .config_300002_main.o    romdata   0x300002    program   0x000001
    .config_300003_main.o    romdata   0x300003    program   0x000001
    .config_300005_main.o    romdata   0x300005    program   0x000001
    .config_300006_main.o    romdata   0x300006    program   0x000001
    .config_300008_main.o    romdata   0x300008    program   0x000001
    .config_300009_main.o    romdata   0x300009    program   0x000001
    .config_30000a_main.o    romdata   0x30000a    program   0x000001
    .config_30000b_main.o    romdata   0x30000b    program   0x000001
    .config_30000c_main.o    romdata   0x30000c    program   0x000001
    .config_30000d_main.o    romdata   0x30000d    program   0x000001
                MATH_DATA      udata   0x000000       data   0x00000b
                 .tmpdata      udata   0x00000b       data   0x000003
      .udata_usb_device.o      udata   0x000060       data   0x000025
            .udata_main.o      udata   0x000085       data   0x00000f
           .udata_c018i.o      udata   0x000094       data   0x00000a
            .idata_main.o      idata   0x00009e       data   0x000004
.udata_usb_function_hid.o      udata   0x0000a2       data   0x000003
           .idata_c018i.o      idata   0x0000a5       data   0x000000
 .udata_usb_descriptors.o      udata   0x0000a5       data   0x000000
 .idata_usb_descriptors.o      idata   0x0000a5       data   0x000000
      .idata_usb_device.o      idata   0x0000a5       data   0x000000
.idata_usb_function_hid.o      idata   0x0000a5       data   0x000000
          .udata___init.o      udata   0x0000a5       data   0x000000
          .idata___init.o      idata   0x0000a5       data   0x000000
                   .stack      udata   0x000300       data   0x000100
                  USB_BDT      udata   0x000400       data   0x000036
            SFR_UNBANKED0      udata   0x000f66       data   0x00009a



                              Program Memory Usage 
                               Start         End      
                           ---------   ---------      
                            0x000000    0x000005      
                            0x000008    0x000015      
                            0x000018    0x000618      
                            0x00061a    0x000801      
                            0x001000    0x001011      
                            0x001018    0x002041      
                            0x300000    0x300003      
                            0x300005    0x300006      
                            0x300008    0x30000d      
            6213 out of 33048 program addresses used, program memory utilization is 18%



                              Symbols - Sorted by Name
                     Name    Address   Location    Storage File                     
                ---------  ---------  ---------  --------- ---------                
         Emulate_Joystick   0x000134    program     extern C:\Documents and Settings\Sales\Desktop\PIC18F2550 DIY PR26\source file\main.c
      HIDGetReportHandler   0x0006f0    program     extern C:\Documents and Settings\Sales\Desktop\PIC18F2550 DIY PR26\source file\usb_function_hid.c
      HIDSetReportHandler   0x0006f2    program     extern C:\Documents and Settings\Sales\Desktop\PIC18F2550 DIY PR26\source file\usb_function_hid.c
                 High_ISR   0x000008    program     extern C:\Documents and Settings\Sales\Desktop\PIC18F2550 DIY PR26\source file\main.c
         InitializeSystem   0x0000ee    program     static C:\Documents and Settings\Sales\Desktop\PIC18F2550 DIY PR26\source file\main.c
                  Low_ISR   0x000018    program     extern C:\Documents and Settings\Sales\Desktop\PIC18F2550 DIY PR26\source file\main.c
                ProcessIO   0x000120    program     extern C:\Documents and Settings\Sales\Desktop\PIC18F2550 DIY PR26\source file\main.c
        Remapped_High_ISR   0x001008    program     extern C:\Documents and Settings\Sales\Desktop\PIC18F2550 DIY PR26\source file\main.c
         Remapped_Low_ISR   0x001018    program     extern C:\Documents and Settings\Sales\Desktop\PIC18F2550 DIY PR26\source file\main.c
       USBCBCheckOtherReq   0x00046a    program     extern C:\Documents and Settings\Sales\Desktop\PIC18F2550 DIY PR26\source file\main.c
        USBCBErrorHandler   0x000468    program     extern C:\Documents and Settings\Sales\Desktop\PIC18F2550 DIY PR26\source file\main.c
              USBCBInitEP   0x000470    program     extern C:\Documents and Settings\Sales\Desktop\PIC18F2550 DIY PR26\source file\main.c
          USBCBSendResume   0x000482    program     extern C:\Documents and Settings\Sales\Desktop\PIC18F2550 DIY PR26\source file\main.c
    USBCBStdSetDscHandler   0x00046e    program     extern C:\Documents and Settings\Sales\Desktop\PIC18F2550 DIY PR26\source file\main.c
             USBCBSuspend   0x000462    program     extern C:\Documents and Settings\Sales\Desktop\PIC18F2550 DIY PR26\source file\main.c
     USBCBWakeFromSuspend   0x000464    program     extern C:\Documents and Settings\Sales\Desktop\PIC18F2550 DIY PR26\source file\main.c
        USBCB_SOF_Handler   0x000466    program     extern C:\Documents and Settings\Sales\Desktop\PIC18F2550 DIY PR26\source file\main.c
       USBCheckHIDRequest   0x00061a    program     extern C:\Documents and Settings\Sales\Desktop\PIC18F2550 DIY PR26\source file\usb_function_hid.c
       USBCheckStdRequest   0x001582    program     extern C:\Documents and Settings\Sales\Desktop\PIC18F2550 DIY PR26\source file\usb_device.c
    USBClearInterruptFlag   0x001fe0    program     extern C:\Documents and Settings\Sales\Desktop\PIC18F2550 DIY PR26\source file\usb_device.c
     USBConfigureEndpoint   0x001cf0    program     extern C:\Documents and Settings\Sales\Desktop\PIC18F2550 DIY PR26\source file\usb_device.c
         USBCtrlEPService   0x00130a    program     extern C:\Documents and Settings\Sales\Desktop\PIC18F2550 DIY PR26\source file\usb_device.c
 USBCtrlEPServiceComplete   0x0018ae    program     extern C:\Documents and Settings\Sales\Desktop\PIC18F2550 DIY PR26\source file\usb_device.c
      USBCtrlTrfInHandler   0x0013b4    program     extern C:\Documents and Settings\Sales\Desktop\PIC18F2550 DIY PR26\source file\usb_device.c
     USBCtrlTrfOutHandler   0x0013a4    program     extern C:\Documents and Settings\Sales\Desktop\PIC18F2550 DIY PR26\source file\usb_device.c
      USBCtrlTrfRxService   0x001b5e    program     extern C:\Documents and Settings\Sales\Desktop\PIC18F2550 DIY PR26\source file\usb_device.c
   USBCtrlTrfSetupHandler   0x00135e    program     extern C:\Documents and Settings\Sales\Desktop\PIC18F2550 DIY PR26\source file\usb_device.c
      USBCtrlTrfTxService   0x001a4c    program     extern C:\Documents and Settings\Sales\Desktop\PIC18F2550 DIY PR26\source file\usb_device.c
          USBDeviceAttach   0x002018    program     extern C:\Documents and Settings\Sales\Desktop\PIC18F2550 DIY PR26\source file\usb_device.c
          USBDeviceDetach   0x002016    program     extern C:\Documents and Settings\Sales\Desktop\PIC18F2550 DIY PR26\source file\usb_device.c
            USBDeviceInit   0x00101e    program     extern C:\Documents and Settings\Sales\Desktop\PIC18F2550 DIY PR26\source file\usb_device.c
           USBDeviceTasks   0x0010c2    program     extern C:\Documents and Settings\Sales\Desktop\PIC18F2550 DIY PR26\source file\usb_device.c
        USBEnableEndpoint   0x001dba    program     extern C:\Documents and Settings\Sales\Desktop\PIC18F2550 DIY PR26\source file\usb_device.c
USBPrepareForNextSetupTrf   0x001448    program     extern C:\Documents and Settings\Sales\Desktop\PIC18F2550 DIY PR26\source file\usb_device.c
         USBStallEndpoint   0x001e26    program     extern C:\Documents and Settings\Sales\Desktop\PIC18F2550 DIY PR26\source file\usb_device.c
          USBStallHandler   0x00124e    program     extern C:\Documents and Settings\Sales\Desktop\PIC18F2550 DIY PR26\source file\usb_device.c
  USBStdFeatureReqHandler   0x001640    program     extern C:\Documents and Settings\Sales\Desktop\PIC18F2550 DIY PR26\source file\usb_device.c
      USBStdGetDscHandler   0x00174c    program     extern C:\Documents and Settings\Sales\Desktop\PIC18F2550 DIY PR26\source file\usb_device.c
   USBStdGetStatusHandler   0x0017fa    program     extern C:\Documents and Settings\Sales\Desktop\PIC18F2550 DIY PR26\source file\usb_device.c
      USBStdSetCfgHandler   0x001c7e    program     extern C:\Documents and Settings\Sales\Desktop\PIC18F2550 DIY PR26\source file\usb_device.c
               USBSuspend   0x001294    program     extern C:\Documents and Settings\Sales\Desktop\PIC18F2550 DIY PR26\source file\usb_device.c
     USBTransferOnePacket   0x001f02    program     extern C:\Documents and Settings\Sales\Desktop\PIC18F2550 DIY PR26\source file\usb_device.c
       USBWakeFromSuspend   0x0012cc    program     extern C:\Documents and Settings\Sales\Desktop\PIC18F2550 DIY PR26\source file\usb_device.c
               USB_CD_Ptr   0x000611    program     extern C:\Documents and Settings\Sales\Desktop\PIC18F2550 DIY PR26\source file\usb_descriptors.c
               USB_SD_Ptr   0x000613    program     extern C:\Documents and Settings\Sales\Desktop\PIC18F2550 DIY PR26\source file\usb_descriptors.c
USER_USB_CALLBACK_EVENT_HANDLER   0x00049e    program     extern C:\Documents and Settings\Sales\Desktop\PIC18F2550 DIY PR26\source file\main.c
                 UserInit   0x00010a    program     extern C:\Documents and Settings\Sales\Desktop\PIC18F2550 DIY PR26\source file\main.c
  YourHighPriorityISRCode   0x00002c    program     extern C:\Documents and Settings\Sales\Desktop\PIC18F2550 DIY PR26\source file\main.c
   YourLowPriorityISRCode   0x0000c2    program     extern C:\Documents and Settings\Sales\Desktop\PIC18F2550 DIY PR26\source file\main.c
              _2jContinue   0x0007b2    program     static E:\c18v3.46\pic18-lt\cxx-framework\src\traditional\stdclib\memset.asm
                   _3jEnd   0x0007bc    program     static E:\c18v3.46\pic18-lt\cxx-framework\src\traditional\stdclib\memset.asm
       ___case_1_lbl00122   0x000522    program     static                          
      ___case_21_lbl00115   0x000506    program     static                          
      ___case_22_lbl00116   0x00050a    program     static                          
      ___case_23_lbl00117   0x00050e    program     static                          
       ___case_2_lbl00118   0x000512    program     static                          
       ___case_3_lbl00120   0x00051a    program     static                          
       ___case_4_lbl00119   0x000516    program     static                          
   ___case_65535_lbl00121   0x00051e    program     static                          
      ___default_lbl00123   0x000526    program     static                          
       ___return_lbl00000   0x000004    program     static                          
       ___return_lbl00000   0x001004    program     static                          
       ___return_lbl00001   0x00100c    program     static                          
       ___return_lbl00001   0x000800    program     static                          
       ___return_lbl00002   0x000790    program     static                          
       ___return_lbl00002   0x00101c    program     static                          
       ___return_lbl00003   0x00000c    program     static                          
       ___return_lbl00004   0x00001c    program     static                          
       ___return_lbl00113   0x00052c    program     static                          
   ___switchexit_lbl00114   0x000528    program     static                          
               __config_0   0x300000    program     static C:\Documents and Settings\Sales\Desktop\PIC18F2550 DIY PR26\source file\main.c
               __config_1   0x300001    program     static C:\Documents and Settings\Sales\Desktop\PIC18F2550 DIY PR26\source file\main.c
              __config_10   0x30000c    program     static C:\Documents and Settings\Sales\Desktop\PIC18F2550 DIY PR26\source file\main.c
              __config_11   0x30000d    program     static C:\Documents and Settings\Sales\Desktop\PIC18F2550 DIY PR26\source file\main.c
               __config_2   0x300002    program     static C:\Documents and Settings\Sales\Desktop\PIC18F2550 DIY PR26\source file\main.c
               __config_3   0x300003    program     static C:\Documents and Settings\Sales\Desktop\PIC18F2550 DIY PR26\source file\main.c
               __config_4   0x300005    program     static C:\Documents and Settings\Sales\Desktop\PIC18F2550 DIY PR26\source file\main.c
               __config_5   0x300006    program     static C:\Documents and Settings\Sales\Desktop\PIC18F2550 DIY PR26\source file\main.c
               __config_6   0x300008    program     static C:\Documents and Settings\Sales\Desktop\PIC18F2550 DIY PR26\source file\main.c
               __config_7   0x300009    program     static C:\Documents and Settings\Sales\Desktop\PIC18F2550 DIY PR26\source file\main.c
               __config_8   0x30000a    program     static C:\Documents and Settings\Sales\Desktop\PIC18F2550 DIY PR26\source file\main.c
               __config_9   0x30000b    program     static C:\Documents and Settings\Sales\Desktop\PIC18F2550 DIY PR26\source file\main.c
                   __init   0x001006    program     extern E:\c18v3.46\pic18-lt\cxx-framework\src\traditional\stdclib\__init.c
              __tmplbl_20   0x0004ba    program     static                          
              __tmplbl_21   0x0004c6    program     static                          
              __tmplbl_22   0x0004d0    program     static                          
              __tmplbl_23   0x0004da    program     static                          
              __tmplbl_24   0x0004e4    program     static                          
              __tmplbl_25   0x0004ee    program     static                          
              __tmplbl_26   0x0004f8    program     static                          
              __tmplbl_27   0x000502    program     static                          
            __zero_memory   0x0007c6    program     extern E:\c18v3.46\pic18-lt\cxx-framework\src\traditional\proc\p18f2550.asm
                _do_cinit   0x0006f4    program     extern E:\c18v3.46\pic18-lt\cxx-framework\src\traditional\startup\c018i.c
                   _entry   0x000000    program     extern E:\c18v3.46\pic18-lt\cxx-framework\src\traditional\startup\c018i.c
                   _reset   0x001000    program     extern C:\Documents and Settings\Sales\Desktop\PIC18F2550 DIY PR26\source file\main.c
                 _startup   0x0007e6    program     extern E:\c18v3.46\pic18-lt\cxx-framework\src\traditional\startup\c018i.c
               choose_adc   0x000408    program     extern C:\Documents and Settings\Sales\Desktop\PIC18F2550 DIY PR26\source file\main.c
                compare_l   0x0007dc    program     static E:\c18v3.46\pic18-lt\cxx-framework\src\traditional\proc\p18f2550.asm
        configDescriptor1   0x000546    program     extern C:\Documents and Settings\Sales\Desktop\PIC18F2550 DIY PR26\source file\usb_descriptors.c
                copy_loop   0x000766    program     static                          
            copy_one_byte   0x00076c    program     static                          
               device_dsc   0x000534    program     extern C:\Documents and Settings\Sales\Desktop\PIC18F2550 DIY PR26\source file\usb_descriptors.c
                dir_table   0x00000e    program     extern C:\Documents and Settings\Sales\Desktop\PIC18F2550 DIY PR26\source file\main.c
                     done   0x000790    program     static                          
             done_copying   0x00077a    program     static                          
                hid_rpt01   0x0005ce    program     extern C:\Documents and Settings\Sales\Desktop\PIC18F2550 DIY PR26\source file\usb_descriptors.c
                     jEnd   0x0007c4    program     static E:\c18v3.46\pic18-lt\cxx-framework\src\traditional\stdclib\memset.asm
                    jLoop   0x0007a6    program     static E:\c18v3.46\pic18-lt\cxx-framework\src\traditional\stdclib\memset.asm
                     loop   0x0007f6    program     static                          
                   loop_h   0x0007d4    program     static E:\c18v3.46\pic18-lt\cxx-framework\src\traditional\proc\p18f2550.asm
                   loop_l   0x0007de    program     static E:\c18v3.46\pic18-lt\cxx-framework\src\traditional\proc\p18f2550.asm
                     main   0x0000e4    program     extern C:\Documents and Settings\Sales\Desktop\PIC18F2550 DIY PR26\source file\main.c
                   memset   0x000792    program     extern E:\c18v3.46\pic18-lt\cxx-framework\src\traditional\stdclib\memset.asm
                    sd000   0x000568    program     extern C:\Documents and Settings\Sales\Desktop\PIC18F2550 DIY PR26\source file\usb_descriptors.c
                    sd001   0x00056c    program     extern C:\Documents and Settings\Sales\Desktop\PIC18F2550 DIY PR26\source file\usb_descriptors.c
                    sd002   0x0005a0    program     extern C:\Documents and Settings\Sales\Desktop\PIC18F2550 DIY PR26\source file\usb_descriptors.c
                     test   0x00070e    program     static                          
               zero_block   0x0007d4    program     static E:\c18v3.46\pic18-lt\cxx-framework\src\traditional\proc\p18f2550.asm
                   ADCON0   0x000fc2       data     extern E:\c18v3.46\pic18-lt\cxx-framework\src\traditional\proc\p18f2550.asm
               ADCON0bits   0x000fc2       data     extern E:\c18v3.46\pic18-lt\cxx-framework\src\traditional\proc\p18f2550.asm
                   ADCON1   0x000fc1       data     extern E:\c18v3.46\pic18-lt\cxx-framework\src\traditional\proc\p18f2550.asm
               ADCON1bits   0x000fc1       data     extern E:\c18v3.46\pic18-lt\cxx-framework\src\traditional\proc\p18f2550.asm
                   ADCON2   0x000fc0       data     extern E:\c18v3.46\pic18-lt\cxx-framework\src\traditional\proc\p18f2550.asm
               ADCON2bits   0x000fc0       data     extern E:\c18v3.46\pic18-lt\cxx-framework\src\traditional\proc\p18f2550.asm
                    ADRES   0x000fc3       data     extern E:\c18v3.46\pic18-lt\cxx-framework\src\traditional\proc\p18f2550.asm
                   ADRESH   0x000fc4       data     extern E:\c18v3.46\pic18-lt\cxx-framework\src\traditional\proc\p18f2550.asm
                   ADRESL   0x000fc3       data     extern E:\c18v3.46\pic18-lt\cxx-framework\src\traditional\proc\p18f2550.asm
                  BAUDCON   0x000fb8       data     extern E:\c18v3.46\pic18-lt\cxx-framework\src\traditional\proc\p18f2550.asm
              BAUDCONbits   0x000fb8       data     extern E:\c18v3.46\pic18-lt\cxx-framework\src\traditional\proc\p18f2550.asm
                  BAUDCTL   0x000fb8       data     extern E:\c18v3.46\pic18-lt\cxx-framework\src\traditional\proc\p18f2550.asm
              BAUDCTLbits   0x000fb8       data     extern E:\c18v3.46\pic18-lt\cxx-framework\src\traditional\proc\p18f2550.asm
                      BDT   0x000400       data     extern C:\Documents and Settings\Sales\Desktop\PIC18F2550 DIY PR26\source file\usb_device.c
                      BSR   0x000fe0       data     extern E:\c18v3.46\pic18-lt\cxx-framework\src\traditional\proc\p18f2550.asm
                   CCP1AS   0x000fb6       data     extern E:\c18v3.46\pic18-lt\cxx-framework\src\traditional\proc\p18f2550.asm
               CCP1ASbits   0x000fb6       data     extern E:\c18v3.46\pic18-lt\cxx-framework\src\traditional\proc\p18f2550.asm
                  CCP1CON   0x000fbd       data     extern E:\c18v3.46\pic18-lt\cxx-framework\src\traditional\proc\p18f2550.asm
              CCP1CONbits   0x000fbd       data     extern E:\c18v3.46\pic18-lt\cxx-framework\src\traditional\proc\p18f2550.asm
                  CCP1DEL   0x000fb7       data     extern E:\c18v3.46\pic18-lt\cxx-framework\src\traditional\proc\p18f2550.asm
              CCP1DELbits   0x000fb7       data     extern E:\c18v3.46\pic18-lt\cxx-framework\src\traditional\proc\p18f2550.asm
                  CCP2CON   0x000fba       data     extern E:\c18v3.46\pic18-lt\cxx-framework\src\traditional\proc\p18f2550.asm
              CCP2CONbits   0x000fba       data     extern E:\c18v3.46\pic18-lt\cxx-framework\src\traditional\proc\p18f2550.asm
                    CCPR1   0x000fbe       data     extern E:\c18v3.46\pic18-lt\cxx-framework\src\traditional\proc\p18f2550.asm
                   CCPR1H   0x000fbf       data     extern E:\c18v3.46\pic18-lt\cxx-framework\src\traditional\proc\p18f2550.asm
                   CCPR1L   0x000fbe       data     extern E:\c18v3.46\pic18-lt\cxx-framework\src\traditional\proc\p18f2550.asm
                    CCPR2   0x000fbb       data     extern E:\c18v3.46\pic18-lt\cxx-framework\src\traditional\proc\p18f2550.asm
                   CCPR2H   0x000fbc       data     extern E:\c18v3.46\pic18-lt\cxx-framework\src\traditional\proc\p18f2550.asm
                   CCPR2L   0x000fbb       data     extern E:\c18v3.46\pic18-lt\cxx-framework\src\traditional\proc\p18f2550.asm
                    CMCON   0x000fb4       data     extern E:\c18v3.46\pic18-lt\cxx-framework\src\traditional\proc\p18f2550.asm
                CMCONbits   0x000fb4       data     extern E:\c18v3.46\pic18-lt\cxx-framework\src\traditional\proc\p18f2550.asm
                   CVRCON   0x000fb5       data     extern E:\c18v3.46\pic18-lt\cxx-framework\src\traditional\proc\p18f2550.asm
               CVRCONbits   0x000fb5       data     extern E:\c18v3.46\pic18-lt\cxx-framework\src\traditional\proc\p18f2550.asm
              CtrlTrfData   0x000428       data     extern C:\Documents and Settings\Sales\Desktop\PIC18F2550 DIY PR26\source file\usb_device.c
                     DDRA   0x000f92       data     extern E:\c18v3.46\pic18-lt\cxx-framework\src\traditional\proc\p18f2550.asm
                 DDRAbits   0x000f92       data     extern E:\c18v3.46\pic18-lt\cxx-framework\src\traditional\proc\p18f2550.asm
                     DDRB   0x000f93       data     extern E:\c18v3.46\pic18-lt\cxx-framework\src\traditional\proc\p18f2550.asm
                 DDRBbits   0x000f93       data     extern E:\c18v3.46\pic18-lt\cxx-framework\src\traditional\proc\p18f2550.asm
                     DDRC   0x000f94       data     extern E:\c18v3.46\pic18-lt\cxx-framework\src\traditional\proc\p18f2550.asm
                 DDRCbits   0x000f94       data     extern E:\c18v3.46\pic18-lt\cxx-framework\src\traditional\proc\p18f2550.asm
                  ECCP1AS   0x000fb6       data     extern E:\c18v3.46\pic18-lt\cxx-framework\src\traditional\proc\p18f2550.asm
              ECCP1ASbits   0x000fb6       data     extern E:\c18v3.46\pic18-lt\cxx-framework\src\traditional\proc\p18f2550.asm
                 ECCP1DEL   0x000fb7       data     extern E:\c18v3.46\pic18-lt\cxx-framework\src\traditional\proc\p18f2550.asm
             ECCP1DELbits   0x000fb7       data     extern E:\c18v3.46\pic18-lt\cxx-framework\src\traditional\proc\p18f2550.asm
                    EEADR   0x000fa9       data     extern E:\c18v3.46\pic18-lt\cxx-framework\src\traditional\proc\p18f2550.asm
                   EECON1   0x000fa6       data     extern E:\c18v3.46\pic18-lt\cxx-framework\src\traditional\proc\p18f2550.asm
               EECON1bits   0x000fa6       data     extern E:\c18v3.46\pic18-lt\cxx-framework\src\traditional\proc\p18f2550.asm
                   EECON2   0x000fa7       data     extern E:\c18v3.46\pic18-lt\cxx-framework\src\traditional\proc\p18f2550.asm
                   EEDATA   0x000fa8       data     extern E:\c18v3.46\pic18-lt\cxx-framework\src\traditional\proc\p18f2550.asm
                     FSR0   0x000fe9       data     extern E:\c18v3.46\pic18-lt\cxx-framework\src\traditional\proc\p18f2550.asm
                    FSR0H   0x000fea       data     extern E:\c18v3.46\pic18-lt\cxx-framework\src\traditional\proc\p18f2550.asm
                    FSR0L   0x000fe9       data     extern E:\c18v3.46\pic18-lt\cxx-framework\src\traditional\proc\p18f2550.asm
                     FSR1   0x000fe1       data     extern E:\c18v3.46\pic18-lt\cxx-framework\src\traditional\proc\p18f2550.asm
                    FSR1H   0x000fe2       data     extern E:\c18v3.46\pic18-lt\cxx-framework\src\traditional\proc\p18f2550.asm
                    FSR1L   0x000fe1       data     extern E:\c18v3.46\pic18-lt\cxx-framework\src\traditional\proc\p18f2550.asm
                     FSR2   0x000fd9       data     extern E:\c18v3.46\pic18-lt\cxx-framework\src\traditional\proc\p18f2550.asm
                    FSR2H   0x000fda       data     extern E:\c18v3.46\pic18-lt\cxx-framework\src\traditional\proc\p18f2550.asm
                    FSR2L   0x000fd9       data     extern E:\c18v3.46\pic18-lt\cxx-framework\src\traditional\proc\p18f2550.asm
                  HLVDCON   0x000fd2       data     extern E:\c18v3.46\pic18-lt\cxx-framework\src\traditional\proc\p18f2550.asm
              HLVDCONbits   0x000fd2       data     extern E:\c18v3.46\pic18-lt\cxx-framework\src\traditional\proc\p18f2550.asm
                    INDF0   0x000fef       data     extern E:\c18v3.46\pic18-lt\cxx-framework\src\traditional\proc\p18f2550.asm
                    INDF1   0x000fe7       data     extern E:\c18v3.46\pic18-lt\cxx-framework\src\traditional\proc\p18f2550.asm
                    INDF2   0x000fdf       data     extern E:\c18v3.46\pic18-lt\cxx-framework\src\traditional\proc\p18f2550.asm
                   INTCON   0x000ff2       data     extern E:\c18v3.46\pic18-lt\cxx-framework\src\traditional\proc\p18f2550.asm
                  INTCON2   0x000ff1       data     extern E:\c18v3.46\pic18-lt\cxx-framework\src\traditional\proc\p18f2550.asm
              INTCON2bits   0x000ff1       data     extern E:\c18v3.46\pic18-lt\cxx-framework\src\traditional\proc\p18f2550.asm
                  INTCON3   0x000ff0       data     extern E:\c18v3.46\pic18-lt\cxx-framework\src\traditional\proc\p18f2550.asm
              INTCON3bits   0x000ff0       data     extern E:\c18v3.46\pic18-lt\cxx-framework\src\traditional\proc\p18f2550.asm
               INTCONbits   0x000ff2       data     extern E:\c18v3.46\pic18-lt\cxx-framework\src\traditional\proc\p18f2550.asm
                     IPR1   0x000f9f       data     extern E:\c18v3.46\pic18-lt\cxx-framework\src\traditional\proc\p18f2550.asm
                 IPR1bits   0x000f9f       data     extern E:\c18v3.46\pic18-lt\cxx-framework\src\traditional\proc\p18f2550.asm
                     IPR2   0x000fa2       data     extern E:\c18v3.46\pic18-lt\cxx-framework\src\traditional\proc\p18f2550.asm
                 IPR2bits   0x000fa2       data     extern E:\c18v3.46\pic18-lt\cxx-framework\src\traditional\proc\p18f2550.asm
                     LATA   0x000f89       data     extern E:\c18v3.46\pic18-lt\cxx-framework\src\traditional\proc\p18f2550.asm
                 LATAbits   0x000f89       data     extern E:\c18v3.46\pic18-lt\cxx-framework\src\traditional\proc\p18f2550.asm
                     LATB   0x000f8a       data     extern E:\c18v3.46\pic18-lt\cxx-framework\src\traditional\proc\p18f2550.asm
                 LATBbits   0x000f8a       data     extern E:\c18v3.46\pic18-lt\cxx-framework\src\traditional\proc\p18f2550.asm
                     LATC   0x000f8b       data     extern E:\c18v3.46\pic18-lt\cxx-framework\src\traditional\proc\p18f2550.asm
                 LATCbits   0x000f8b       data     extern E:\c18v3.46\pic18-lt\cxx-framework\src\traditional\proc\p18f2550.asm
                   LVDCON   0x000fd2       data     extern E:\c18v3.46\pic18-lt\cxx-framework\src\traditional\proc\p18f2550.asm
               LVDCONbits   0x000fd2       data     extern E:\c18v3.46\pic18-lt\cxx-framework\src\traditional\proc\p18f2550.asm
                   OSCCON   0x000fd3       data     extern E:\c18v3.46\pic18-lt\cxx-framework\src\traditional\proc\p18f2550.asm
               OSCCONbits   0x000fd3       data     extern E:\c18v3.46\pic18-lt\cxx-framework\src\traditional\proc\p18f2550.asm
                  OSCTUNE   0x000f9b       data     extern E:\c18v3.46\pic18-lt\cxx-framework\src\traditional\proc\p18f2550.asm
              OSCTUNEbits   0x000f9b       data     extern E:\c18v3.46\pic18-lt\cxx-framework\src\traditional\proc\p18f2550.asm
                       PC   0x000ff9       data     extern E:\c18v3.46\pic18-lt\cxx-framework\src\traditional\proc\p18f2550.asm
                      PCL   0x000ff9       data     extern E:\c18v3.46\pic18-lt\cxx-framework\src\traditional\proc\p18f2550.asm
                   PCLATH   0x000ffa       data     extern E:\c18v3.46\pic18-lt\cxx-framework\src\traditional\proc\p18f2550.asm
                   PCLATU   0x000ffb       data     extern E:\c18v3.46\pic18-lt\cxx-framework\src\traditional\proc\p18f2550.asm
                     PIE1   0x000f9d       data     extern E:\c18v3.46\pic18-lt\cxx-framework\src\traditional\proc\p18f2550.asm
                 PIE1bits   0x000f9d       data     extern E:\c18v3.46\pic18-lt\cxx-framework\src\traditional\proc\p18f2550.asm
                     PIE2   0x000fa0       data     extern E:\c18v3.46\pic18-lt\cxx-framework\src\traditional\proc\p18f2550.asm
                 PIE2bits   0x000fa0       data     extern E:\c18v3.46\pic18-lt\cxx-framework\src\traditional\proc\p18f2550.asm
                     PIR1   0x000f9e       data     extern E:\c18v3.46\pic18-lt\cxx-framework\src\traditional\proc\p18f2550.asm
                 PIR1bits   0x000f9e       data     extern E:\c18v3.46\pic18-lt\cxx-framework\src\traditional\proc\p18f2550.asm
                     PIR2   0x000fa1       data     extern E:\c18v3.46\pic18-lt\cxx-framework\src\traditional\proc\p18f2550.asm
                 PIR2bits   0x000fa1       data     extern E:\c18v3.46\pic18-lt\cxx-framework\src\traditional\proc\p18f2550.asm
                   PLUSW0   0x000feb       data     extern E:\c18v3.46\pic18-lt\cxx-framework\src\traditional\proc\p18f2550.asm
                   PLUSW1   0x000fe3       data     extern E:\c18v3.46\pic18-lt\cxx-framework\src\traditional\proc\p18f2550.asm
                   PLUSW2   0x000fdb       data     extern E:\c18v3.46\pic18-lt\cxx-framework\src\traditional\proc\p18f2550.asm
                    PORTA   0x000f80       data     extern E:\c18v3.46\pic18-lt\cxx-framework\src\traditional\proc\p18f2550.asm
                PORTAbits   0x000f80       data     extern E:\c18v3.46\pic18-lt\cxx-framework\src\traditional\proc\p18f2550.asm
                    PORTB   0x000f81       data     extern E:\c18v3.46\pic18-lt\cxx-framework\src\traditional\proc\p18f2550.asm
                PORTBbits   0x000f81       data     extern E:\c18v3.46\pic18-lt\cxx-framework\src\traditional\proc\p18f2550.asm
                    PORTC   0x000f82       data     extern E:\c18v3.46\pic18-lt\cxx-framework\src\traditional\proc\p18f2550.asm
                PORTCbits   0x000f82       data     extern E:\c18v3.46\pic18-lt\cxx-framework\src\traditional\proc\p18f2550.asm
                    PORTE   0x000f84       data     extern E:\c18v3.46\pic18-lt\cxx-framework\src\traditional\proc\p18f2550.asm
                PORTEbits   0x000f84       data     extern E:\c18v3.46\pic18-lt\cxx-framework\src\traditional\proc\p18f2550.asm
                 POSTDEC0   0x000fed       data     extern E:\c18v3.46\pic18-lt\cxx-framework\src\traditional\proc\p18f2550.asm
                 POSTDEC1   0x000fe5       data     extern E:\c18v3.46\pic18-lt\cxx-framework\src\traditional\proc\p18f2550.asm
                 POSTDEC2   0x000fdd       data     extern E:\c18v3.46\pic18-lt\cxx-framework\src\traditional\proc\p18f2550.asm
                 POSTINC0   0x000fee       data     extern E:\c18v3.46\pic18-lt\cxx-framework\src\traditional\proc\p18f2550.asm
                 POSTINC1   0x000fe6       data     extern E:\c18v3.46\pic18-lt\cxx-framework\src\traditional\proc\p18f2550.asm
                 POSTINC2   0x000fde       data     extern E:\c18v3.46\pic18-lt\cxx-framework\src\traditional\proc\p18f2550.asm
                      PR2   0x000fcb       data     extern E:\c18v3.46\pic18-lt\cxx-framework\src\traditional\proc\p18f2550.asm
                  PREINC0   0x000fec       data     extern E:\c18v3.46\pic18-lt\cxx-framework\src\traditional\proc\p18f2550.asm
                  PREINC1   0x000fe4       data     extern E:\c18v3.46\pic18-lt\cxx-framework\src\traditional\proc\p18f2550.asm
                  PREINC2   0x000fdc       data     extern E:\c18v3.46\pic18-lt\cxx-framework\src\traditional\proc\p18f2550.asm
                     PROD   0x000ff3       data     extern E:\c18v3.46\pic18-lt\cxx-framework\src\traditional\proc\p18f2550.asm
                    PRODH   0x000ff4       data     extern E:\c18v3.46\pic18-lt\cxx-framework\src\traditional\proc\p18f2550.asm
                    PRODL   0x000ff3       data     extern E:\c18v3.46\pic18-lt\cxx-framework\src\traditional\proc\p18f2550.asm
                     RCON   0x000fd0       data     extern E:\c18v3.46\pic18-lt\cxx-framework\src\traditional\proc\p18f2550.asm
                 RCONbits   0x000fd0       data     extern E:\c18v3.46\pic18-lt\cxx-framework\src\traditional\proc\p18f2550.asm
                    RCREG   0x000fae       data     extern E:\c18v3.46\pic18-lt\cxx-framework\src\traditional\proc\p18f2550.asm
                    RCSTA   0x000fab       data     extern E:\c18v3.46\pic18-lt\cxx-framework\src\traditional\proc\p18f2550.asm
                RCSTAbits   0x000fab       data     extern E:\c18v3.46\pic18-lt\cxx-framework\src\traditional\proc\p18f2550.asm
             RemoteWakeup   0x00007f       data     extern C:\Documents and Settings\Sales\Desktop\PIC18F2550 DIY PR26\source file\usb_device.c
                 Rz_value   0x000091       data     static C:\Documents and Settings\Sales\Desktop\PIC18F2550 DIY PR26\source file\main.c
                     SIGN   0x000009       data     extern E:\c18v3.46\pic18-lt\cxx-framework\src\traditional\math\cmath18.asm
                    SPBRG   0x000faf       data     extern E:\c18v3.46\pic18-lt\cxx-framework\src\traditional\proc\p18f2550.asm
                   SPBRGH   0x000fb0       data     extern E:\c18v3.46\pic18-lt\cxx-framework\src\traditional\proc\p18f2550.asm
                   SSPADD   0x000fc8       data     extern E:\c18v3.46\pic18-lt\cxx-framework\src\traditional\proc\p18f2550.asm
                   SSPBUF   0x000fc9       data     extern E:\c18v3.46\pic18-lt\cxx-framework\src\traditional\proc\p18f2550.asm
                  SSPCON1   0x000fc6       data     extern E:\c18v3.46\pic18-lt\cxx-framework\src\traditional\proc\p18f2550.asm
              SSPCON1bits   0x000fc6       data     extern E:\c18v3.46\pic18-lt\cxx-framework\src\traditional\proc\p18f2550.asm
                  SSPCON2   0x000fc5       data     extern E:\c18v3.46\pic18-lt\cxx-framework\src\traditional\proc\p18f2550.asm
              SSPCON2bits   0x000fc5       data     extern E:\c18v3.46\pic18-lt\cxx-framework\src\traditional\proc\p18f2550.asm
                  SSPSTAT   0x000fc7       data     extern E:\c18v3.46\pic18-lt\cxx-framework\src\traditional\proc\p18f2550.asm
              SSPSTATbits   0x000fc7       data     extern E:\c18v3.46\pic18-lt\cxx-framework\src\traditional\proc\p18f2550.asm
                   STATUS   0x000fd8       data     extern E:\c18v3.46\pic18-lt\cxx-framework\src\traditional\proc\p18f2550.asm
               STATUSbits   0x000fd8       data     extern E:\c18v3.46\pic18-lt\cxx-framework\src\traditional\proc\p18f2550.asm
                   STKPTR   0x000ffc       data     extern E:\c18v3.46\pic18-lt\cxx-framework\src\traditional\proc\p18f2550.asm
               STKPTRbits   0x000ffc       data     extern E:\c18v3.46\pic18-lt\cxx-framework\src\traditional\proc\p18f2550.asm
                 SetupPkt   0x000420       data     extern C:\Documents and Settings\Sales\Desktop\PIC18F2550 DIY PR26\source file\usb_device.c
                    T0CON   0x000fd5       data     extern E:\c18v3.46\pic18-lt\cxx-framework\src\traditional\proc\p18f2550.asm
                T0CONbits   0x000fd5       data     extern E:\c18v3.46\pic18-lt\cxx-framework\src\traditional\proc\p18f2550.asm
                    T1CON   0x000fcd       data     extern E:\c18v3.46\pic18-lt\cxx-framework\src\traditional\proc\p18f2550.asm
                T1CONbits   0x000fcd       data     extern E:\c18v3.46\pic18-lt\cxx-framework\src\traditional\proc\p18f2550.asm
                    T2CON   0x000fca       data     extern E:\c18v3.46\pic18-lt\cxx-framework\src\traditional\proc\p18f2550.asm
                T2CONbits   0x000fca       data     extern E:\c18v3.46\pic18-lt\cxx-framework\src\traditional\proc\p18f2550.asm
                    T3CON   0x000fb1       data     extern E:\c18v3.46\pic18-lt\cxx-framework\src\traditional\proc\p18f2550.asm
                T3CONbits   0x000fb1       data     extern E:\c18v3.46\pic18-lt\cxx-framework\src\traditional\proc\p18f2550.asm
                   TABLAT   0x000ff5       data     extern E:\c18v3.46\pic18-lt\cxx-framework\src\traditional\proc\p18f2550.asm
                   TBLPTR   0x000ff6       data     extern E:\c18v3.46\pic18-lt\cxx-framework\src\traditional\proc\p18f2550.asm
                  TBLPTRH   0x000ff7       data     extern E:\c18v3.46\pic18-lt\cxx-framework\src\traditional\proc\p18f2550.asm
                  TBLPTRL   0x000ff6       data     extern E:\c18v3.46\pic18-lt\cxx-framework\src\traditional\proc\p18f2550.asm
                  TBLPTRU   0x000ff8       data     extern E:\c18v3.46\pic18-lt\cxx-framework\src\traditional\proc\p18f2550.asm
                    TMR0H   0x000fd7       data     extern E:\c18v3.46\pic18-lt\cxx-framework\src\traditional\proc\p18f2550.asm
                    TMR0L   0x000fd6       data     extern E:\c18v3.46\pic18-lt\cxx-framework\src\traditional\proc\p18f2550.asm
                    TMR1H   0x000fcf       data     extern E:\c18v3.46\pic18-lt\cxx-framework\src\traditional\proc\p18f2550.asm
                    TMR1L   0x000fce       data     extern E:\c18v3.46\pic18-lt\cxx-framework\src\traditional\proc\p18f2550.asm
                     TMR2   0x000fcc       data     extern E:\c18v3.46\pic18-lt\cxx-framework\src\traditional\proc\p18f2550.asm
                    TMR3H   0x000fb3       data     extern E:\c18v3.46\pic18-lt\cxx-framework\src\traditional\proc\p18f2550.asm
                    TMR3L   0x000fb2       data     extern E:\c18v3.46\pic18-lt\cxx-framework\src\traditional\proc\p18f2550.asm
                      TOS   0x000ffd       data     extern E:\c18v3.46\pic18-lt\cxx-framework\src\traditional\proc\p18f2550.asm
                     TOSH   0x000ffe       data     extern E:\c18v3.46\pic18-lt\cxx-framework\src\traditional\proc\p18f2550.asm
                     TOSL   0x000ffd       data     extern E:\c18v3.46\pic18-lt\cxx-framework\src\traditional\proc\p18f2550.asm
                     TOSU   0x000fff       data     extern E:\c18v3.46\pic18-lt\cxx-framework\src\traditional\proc\p18f2550.asm
                    TRISA   0x000f92       data     extern E:\c18v3.46\pic18-lt\cxx-framework\src\traditional\proc\p18f2550.asm
                TRISAbits   0x000f92       data     extern E:\c18v3.46\pic18-lt\cxx-framework\src\traditional\proc\p18f2550.asm
                    TRISB   0x000f93       data     extern E:\c18v3.46\pic18-lt\cxx-framework\src\traditional\proc\p18f2550.asm
                TRISBbits   0x000f93       data     extern E:\c18v3.46\pic18-lt\cxx-framework\src\traditional\proc\p18f2550.asm
                    TRISC   0x000f94       data     extern E:\c18v3.46\pic18-lt\cxx-framework\src\traditional\proc\p18f2550.asm
                TRISCbits   0x000f94       data     extern E:\c18v3.46\pic18-lt\cxx-framework\src\traditional\proc\p18f2550.asm
                    TXREG   0x000fad       data     extern E:\c18v3.46\pic18-lt\cxx-framework\src\traditional\proc\p18f2550.asm
                    TXSTA   0x000fac       data     extern E:\c18v3.46\pic18-lt\cxx-framework\src\traditional\proc\p18f2550.asm
                TXSTAbits   0x000fac       data     extern E:\c18v3.46\pic18-lt\cxx-framework\src\traditional\proc\p18f2550.asm
                    UADDR   0x000f6e       data     extern E:\c18v3.46\pic18-lt\cxx-framework\src\traditional\proc\p18f2550.asm
                UADDRbits   0x000f6e       data     extern E:\c18v3.46\pic18-lt\cxx-framework\src\traditional\proc\p18f2550.asm
                     UCFG   0x000f6f       data     extern E:\c18v3.46\pic18-lt\cxx-framework\src\traditional\proc\p18f2550.asm
                 UCFGbits   0x000f6f       data     extern E:\c18v3.46\pic18-lt\cxx-framework\src\traditional\proc\p18f2550.asm
                     UCON   0x000f6d       data     extern E:\c18v3.46\pic18-lt\cxx-framework\src\traditional\proc\p18f2550.asm
                 UCONbits   0x000f6d       data     extern E:\c18v3.46\pic18-lt\cxx-framework\src\traditional\proc\p18f2550.asm
                     UEIE   0x000f6b       data     extern E:\c18v3.46\pic18-lt\cxx-framework\src\traditional\proc\p18f2550.asm
                 UEIEbits   0x000f6b       data     extern E:\c18v3.46\pic18-lt\cxx-framework\src\traditional\proc\p18f2550.asm
                     UEIR   0x000f6a       data     extern E:\c18v3.46\pic18-lt\cxx-framework\src\traditional\proc\p18f2550.asm
                 UEIRbits   0x000f6a       data     extern E:\c18v3.46\pic18-lt\cxx-framework\src\traditional\proc\p18f2550.asm
                     UEP0   0x000f70       data     extern E:\c18v3.46\pic18-lt\cxx-framework\src\traditional\proc\p18f2550.asm
                 UEP0bits   0x000f70       data     extern E:\c18v3.46\pic18-lt\cxx-framework\src\traditional\proc\p18f2550.asm
                     UEP1   0x000f71       data     extern E:\c18v3.46\pic18-lt\cxx-framework\src\traditional\proc\p18f2550.asm
                    UEP10   0x000f7a       data     extern E:\c18v3.46\pic18-lt\cxx-framework\src\traditional\proc\p18f2550.asm
                UEP10bits   0x000f7a       data     extern E:\c18v3.46\pic18-lt\cxx-framework\src\traditional\proc\p18f2550.asm
                    UEP11   0x000f7b       data     extern E:\c18v3.46\pic18-lt\cxx-framework\src\traditional\proc\p18f2550.asm
                UEP11bits   0x000f7b       data     extern E:\c18v3.46\pic18-lt\cxx-framework\src\traditional\proc\p18f2550.asm
                    UEP12   0x000f7c       data     extern E:\c18v3.46\pic18-lt\cxx-framework\src\traditional\proc\p18f2550.asm
                UEP12bits   0x000f7c       data     extern E:\c18v3.46\pic18-lt\cxx-framework\src\traditional\proc\p18f2550.asm
                    UEP13   0x000f7d       data     extern E:\c18v3.46\pic18-lt\cxx-framework\src\traditional\proc\p18f2550.asm
                UEP13bits   0x000f7d       data     extern E:\c18v3.46\pic18-lt\cxx-framework\src\traditional\proc\p18f2550.asm
                    UEP14   0x000f7e       data     extern E:\c18v3.46\pic18-lt\cxx-framework\src\traditional\proc\p18f2550.asm
                UEP14bits   0x000f7e       data     extern E:\c18v3.46\pic18-lt\cxx-framework\src\traditional\proc\p18f2550.asm
                    UEP15   0x000f7f       data     extern E:\c18v3.46\pic18-lt\cxx-framework\src\traditional\proc\p18f2550.asm
                UEP15bits   0x000f7f       data     extern E:\c18v3.46\pic18-lt\cxx-framework\src\traditional\proc\p18f2550.asm
                 UEP1bits   0x000f71       data     extern E:\c18v3.46\pic18-lt\cxx-framework\src\traditional\proc\p18f2550.asm
                     UEP2   0x000f72       data     extern E:\c18v3.46\pic18-lt\cxx-framework\src\traditional\proc\p18f2550.asm
                 UEP2bits   0x000f72       data     extern E:\c18v3.46\pic18-lt\cxx-framework\src\traditional\proc\p18f2550.asm
                     UEP3   0x000f73       data     extern E:\c18v3.46\pic18-lt\cxx-framework\src\traditional\proc\p18f2550.asm
                 UEP3bits   0x000f73       data     extern E:\c18v3.46\pic18-lt\cxx-framework\src\traditional\proc\p18f2550.asm
                     UEP4   0x000f74       data     extern E:\c18v3.46\pic18-lt\cxx-framework\src\traditional\proc\p18f2550.asm
                 UEP4bits   0x000f74       data     extern E:\c18v3.46\pic18-lt\cxx-framework\src\traditional\proc\p18f2550.asm
                     UEP5   0x000f75       data     extern E:\c18v3.46\pic18-lt\cxx-framework\src\traditional\proc\p18f2550.asm
                 UEP5bits   0x000f75       data     extern E:\c18v3.46\pic18-lt\cxx-framework\src\traditional\proc\p18f2550.asm
                     UEP6   0x000f76       data     extern E:\c18v3.46\pic18-lt\cxx-framework\src\traditional\proc\p18f2550.asm
                 UEP6bits   0x000f76       data     extern E:\c18v3.46\pic18-lt\cxx-framework\src\traditional\proc\p18f2550.asm
                     UEP7   0x000f77       data     extern E:\c18v3.46\pic18-lt\cxx-framework\src\traditional\proc\p18f2550.asm
                 UEP7bits   0x000f77       data     extern E:\c18v3.46\pic18-lt\cxx-framework\src\traditional\proc\p18f2550.asm
                     UEP8   0x000f78       data     extern E:\c18v3.46\pic18-lt\cxx-framework\src\traditional\proc\p18f2550.asm
                 UEP8bits   0x000f78       data     extern E:\c18v3.46\pic18-lt\cxx-framework\src\traditional\proc\p18f2550.asm
                     UEP9   0x000f79       data     extern E:\c18v3.46\pic18-lt\cxx-framework\src\traditional\proc\p18f2550.asm
                 UEP9bits   0x000f79       data     extern E:\c18v3.46\pic18-lt\cxx-framework\src\traditional\proc\p18f2550.asm
                     UFRM   0x000f66       data     extern E:\c18v3.46\pic18-lt\cxx-framework\src\traditional\proc\p18f2550.asm
                    UFRMH   0x000f67       data     extern E:\c18v3.46\pic18-lt\cxx-framework\src\traditional\proc\p18f2550.asm
                UFRMHbits   0x000f67       data     extern E:\c18v3.46\pic18-lt\cxx-framework\src\traditional\proc\p18f2550.asm
                    UFRML   0x000f66       data     extern E:\c18v3.46\pic18-lt\cxx-framework\src\traditional\proc\p18f2550.asm
                UFRMLbits   0x000f66       data     extern E:\c18v3.46\pic18-lt\cxx-framework\src\traditional\proc\p18f2550.asm
                      UIE   0x000f69       data     extern E:\c18v3.46\pic18-lt\cxx-framework\src\traditional\proc\p18f2550.asm
                  UIEbits   0x000f69       data     extern E:\c18v3.46\pic18-lt\cxx-framework\src\traditional\proc\p18f2550.asm
                      UIR   0x000f68       data     extern E:\c18v3.46\pic18-lt\cxx-framework\src\traditional\proc\p18f2550.asm
                  UIRbits   0x000f68       data     extern E:\c18v3.46\pic18-lt\cxx-framework\src\traditional\proc\p18f2550.asm
   USBActiveConfiguration   0x000061       data     extern C:\Documents and Settings\Sales\Desktop\PIC18F2550 DIY PR26\source file\usb_device.c
    USBAlternateInterface   0x000062       data     extern C:\Documents and Settings\Sales\Desktop\PIC18F2550 DIY PR26\source file\usb_device.c
           USBDeviceState   0x000060       data     extern C:\Documents and Settings\Sales\Desktop\PIC18F2550 DIY PR26\source file\usb_device.c
                USBInData   0x000083       data     extern C:\Documents and Settings\Sales\Desktop\PIC18F2550 DIY PR26\source file\usb_device.c
       USBInMaxPacketSize   0x000081       data     extern C:\Documents and Settings\Sales\Desktop\PIC18F2550 DIY PR26\source file\usb_device.c
                    USTAT   0x000f6c       data     extern E:\c18v3.46\pic18-lt\cxx-framework\src\traditional\proc\p18f2550.asm
                USTATbits   0x000f6c       data     extern E:\c18v3.46\pic18-lt\cxx-framework\src\traditional\proc\p18f2550.asm
                USTATcopy   0x000080       data     extern C:\Documents and Settings\Sales\Desktop\PIC18F2550 DIY PR26\source file\usb_device.c
                   WDTCON   0x000fd1       data     extern E:\c18v3.46\pic18-lt\cxx-framework\src\traditional\proc\p18f2550.asm
               WDTCONbits   0x000fd1       data     extern E:\c18v3.46\pic18-lt\cxx-framework\src\traditional\proc\p18f2550.asm
                     WREG   0x000fe8       data     extern E:\c18v3.46\pic18-lt\cxx-framework\src\traditional\proc\p18f2550.asm
                 __AARGB0   0x000007       data     extern E:\c18v3.46\pic18-lt\cxx-framework\src\traditional\math\aarg.asm
                 __AARGB1   0x000006       data     extern E:\c18v3.46\pic18-lt\cxx-framework\src\traditional\math\aarg.asm
                 __AARGB2   0x000005       data     extern E:\c18v3.46\pic18-lt\cxx-framework\src\traditional\math\aarg.asm
                 __AARGB3   0x000004       data     extern E:\c18v3.46\pic18-lt\cxx-framework\src\traditional\math\aarg.asm
                 __AARGB4   0x000003       data     extern E:\c18v3.46\pic18-lt\cxx-framework\src\traditional\math\aarg.asm
                 __AARGB5   0x000002       data     extern E:\c18v3.46\pic18-lt\cxx-framework\src\traditional\math\aarg.asm
                 __AARGB6   0x000001       data     extern E:\c18v3.46\pic18-lt\cxx-framework\src\traditional\math\aarg.asm
                 __AARGB7   0x000000       data     extern E:\c18v3.46\pic18-lt\cxx-framework\src\traditional\math\aarg.asm
                   __AEXP   0x000008       data     extern E:\c18v3.46\pic18-lt\cxx-framework\src\traditional\math\aarg.asm
                __FPFLAGS   0x00000a       data     extern E:\c18v3.46\pic18-lt\cxx-framework\src\traditional\math\cmath18.asm
            __FPFLAGSbits   0x00000a       data     extern E:\c18v3.46\pic18-lt\cxx-framework\src\traditional\math\cmath18.asm
                  __REMB0   0x000003       data     extern E:\c18v3.46\pic18-lt\cxx-framework\src\traditional\math\aarg.asm
                  __REMB1   0x000002       data     extern E:\c18v3.46\pic18-lt\cxx-framework\src\traditional\math\aarg.asm
                  __REMB2   0x000001       data     extern E:\c18v3.46\pic18-lt\cxx-framework\src\traditional\math\aarg.asm
                  __REMB3   0x000000       data     extern E:\c18v3.46\pic18-lt\cxx-framework\src\traditional\math\aarg.asm
                  __tmp_0   0x00000b       data     static C:\Documents and Settings\Sales\Desktop\PIC18F2550 DIY PR26\source file\usb_device.c
                  __tmp_0   0x00000b       data     static C:\Documents and Settings\Sales\Desktop\PIC18F2550 DIY PR26\source file\main.c
          active_protocol   0x0000a3       data     extern C:\Documents and Settings\Sales\Desktop\PIC18F2550 DIY PR26\source file\usb_function_hid.c
             adc_progress   0x0000a0       data     extern C:\Documents and Settings\Sales\Desktop\PIC18F2550 DIY PR26\source file\main.c
                   analog   0x00009f       data     extern C:\Documents and Settings\Sales\Desktop\PIC18F2550 DIY PR26\source file\main.c
                   buffer   0x000089       data     extern C:\Documents and Settings\Sales\Desktop\PIC18F2550 DIY PR26\source file\main.c
     controlTransferState   0x000070       data     extern C:\Documents and Settings\Sales\Desktop\PIC18F2550 DIY PR26\source file\usb_device.c
                curr_byte   0x000097       data     static E:\c18v3.46\pic18-lt\cxx-framework\src\traditional\startup\c018i.c
               curr_entry   0x000099       data     static E:\c18v3.46\pic18-lt\cxx-framework\src\traditional\startup\c018i.c
                 data_ptr   0x00009b       data     static E:\c18v3.46\pic18-lt\cxx-framework\src\traditional\startup\c018i.c
              delay_count   0x000092       data     static C:\Documents and Settings\Sales\Desktop\PIC18F2550 DIY PR26\source file\main.c
             emulate_mode   0x000087       data     extern C:\Documents and Settings\Sales\Desktop\PIC18F2550 DIY PR26\source file\main.c
            hid_report_in   0x000433       data     extern C:\Documents and Settings\Sales\Desktop\PIC18F2550 DIY PR26\source file\usb_device.c
           hid_report_out   0x000430       data     extern C:\Documents and Settings\Sales\Desktop\PIC18F2550 DIY PR26\source file\usb_device.c
           hid_rpt_rx_len   0x0000a4       data     extern C:\Documents and Settings\Sales\Desktop\PIC18F2550 DIY PR26\source file\usb_function_hid.c
                idle_rate   0x0000a2       data     extern C:\Documents and Settings\Sales\Desktop\PIC18F2550 DIY PR26\source file\usb_function_hid.c
                  inPipes   0x000071       data     extern C:\Documents and Settings\Sales\Desktop\PIC18F2550 DIY PR26\source file\usb_device.c
         lastTransmission   0x00008c       data     extern C:\Documents and Settings\Sales\Desktop\PIC18F2550 DIY PR26\source file\main.c
          movement_length   0x000088       data     extern C:\Documents and Settings\Sales\Desktop\PIC18F2550 DIY PR26\source file\main.c
                  old_sw2   0x000085       data     extern C:\Documents and Settings\Sales\Desktop\PIC18F2550 DIY PR26\source file\main.c
                  old_sw3   0x000086       data     extern C:\Documents and Settings\Sales\Desktop\PIC18F2550 DIY PR26\source file\main.c
                 outPipes   0x000076       data     extern C:\Documents and Settings\Sales\Desktop\PIC18F2550 DIY PR26\source file\usb_device.c
   pBDTEntryEP0OutCurrent   0x000063       data     extern C:\Documents and Settings\Sales\Desktop\PIC18F2550 DIY PR26\source file\usb_device.c
      pBDTEntryEP0OutNext   0x000065       data     extern C:\Documents and Settings\Sales\Desktop\PIC18F2550 DIY PR26\source file\usb_device.c
              pBDTEntryIn   0x00006b       data     extern C:\Documents and Settings\Sales\Desktop\PIC18F2550 DIY PR26\source file\usb_device.c
             pBDTEntryOut   0x000067       data     extern C:\Documents and Settings\Sales\Desktop\PIC18F2550 DIY PR26\source file\usb_device.c
                     pDst   0x00007d       data     extern C:\Documents and Settings\Sales\Desktop\PIC18F2550 DIY PR26\source file\usb_device.c
                     prom   0x000094       data     static E:\c18v3.46\pic18-lt\cxx-framework\src\traditional\startup\c018i.c
        shortPacketStatus   0x00006f       data     extern C:\Documents and Settings\Sales\Desktop\PIC18F2550 DIY PR26\source file\usb_device.c
                     step   0x0000a1       data     extern C:\Documents and Settings\Sales\Desktop\PIC18F2550 DIY PR26\source file\main.c
                   vector   0x00009e       data     extern C:\Documents and Settings\Sales\Desktop\PIC18F2550 DIY PR26\source file\main.c
                  x_value   0x00008e       data     static C:\Documents and Settings\Sales\Desktop\PIC18F2550 DIY PR26\source file\main.c
                  y_value   0x00008f       data     static C:\Documents and Settings\Sales\Desktop\PIC18F2550 DIY PR26\source file\main.c
                  z_value   0x000090       data     static C:\Documents and Settings\Sales\Desktop\PIC18F2550 DIY PR26\source file\main.c



                              Symbols - Sorted by Address
                     Name    Address   Location    Storage File                     
                ---------  ---------  ---------  --------- ---------                
                   _entry   0x000000    program     extern E:\c18v3.46\pic18-lt\cxx-framework\src\traditional\startup\c018i.c
       ___return_lbl00000   0x000004    program     static                          
                 High_ISR   0x000008    program     extern C:\Documents and Settings\Sales\Desktop\PIC18F2550 DIY PR26\source file\main.c
       ___return_lbl00003   0x00000c    program     static                          
                dir_table   0x00000e    program     extern C:\Documents and Settings\Sales\Desktop\PIC18F2550 DIY PR26\source file\main.c
                  Low_ISR   0x000018    program     extern C:\Documents and Settings\Sales\Desktop\PIC18F2550 DIY PR26\source file\main.c
       ___return_lbl00004   0x00001c    program     static                          
  YourHighPriorityISRCode   0x00002c    program     extern C:\Documents and Settings\Sales\Desktop\PIC18F2550 DIY PR26\source file\main.c
   YourLowPriorityISRCode   0x0000c2    program     extern C:\Documents and Settings\Sales\Desktop\PIC18F2550 DIY PR26\source file\main.c
                     main   0x0000e4    program     extern C:\Documents and Settings\Sales\Desktop\PIC18F2550 DIY PR26\source file\main.c
         InitializeSystem   0x0000ee    program     static C:\Documents and Settings\Sales\Desktop\PIC18F2550 DIY PR26\source file\main.c
                 UserInit   0x00010a    program     extern C:\Documents and Settings\Sales\Desktop\PIC18F2550 DIY PR26\source file\main.c
                ProcessIO   0x000120    program     extern C:\Documents and Settings\Sales\Desktop\PIC18F2550 DIY PR26\source file\main.c
         Emulate_Joystick   0x000134    program     extern C:\Documents and Settings\Sales\Desktop\PIC18F2550 DIY PR26\source file\main.c
               choose_adc   0x000408    program     extern C:\Documents and Settings\Sales\Desktop\PIC18F2550 DIY PR26\source file\main.c
             USBCBSuspend   0x000462    program     extern C:\Documents and Settings\Sales\Desktop\PIC18F2550 DIY PR26\source file\main.c
     USBCBWakeFromSuspend   0x000464    program     extern C:\Documents and Settings\Sales\Desktop\PIC18F2550 DIY PR26\source file\main.c
        USBCB_SOF_Handler   0x000466    program     extern C:\Documents and Settings\Sales\Desktop\PIC18F2550 DIY PR26\source file\main.c
        USBCBErrorHandler   0x000468    program     extern C:\Documents and Settings\Sales\Desktop\PIC18F2550 DIY PR26\source file\main.c
       USBCBCheckOtherReq   0x00046a    program     extern C:\Documents and Settings\Sales\Desktop\PIC18F2550 DIY PR26\source file\main.c
    USBCBStdSetDscHandler   0x00046e    program     extern C:\Documents and Settings\Sales\Desktop\PIC18F2550 DIY PR26\source file\main.c
              USBCBInitEP   0x000470    program     extern C:\Documents and Settings\Sales\Desktop\PIC18F2550 DIY PR26\source file\main.c
          USBCBSendResume   0x000482    program     extern C:\Documents and Settings\Sales\Desktop\PIC18F2550 DIY PR26\source file\main.c
USER_USB_CALLBACK_EVENT_HANDLER   0x00049e    program     extern C:\Documents and Settings\Sales\Desktop\PIC18F2550 DIY PR26\source file\main.c
              __tmplbl_20   0x0004ba    program     static                          
              __tmplbl_21   0x0004c6    program     static                          
              __tmplbl_22   0x0004d0    program     static                          
              __tmplbl_23   0x0004da    program     static                          
              __tmplbl_24   0x0004e4    program     static                          
              __tmplbl_25   0x0004ee    program     static                          
              __tmplbl_26   0x0004f8    program     static                          
              __tmplbl_27   0x000502    program     static                          
      ___case_21_lbl00115   0x000506    program     static                          
      ___case_22_lbl00116   0x00050a    program     static                          
      ___case_23_lbl00117   0x00050e    program     static                          
       ___case_2_lbl00118   0x000512    program     static                          
       ___case_4_lbl00119   0x000516    program     static                          
       ___case_3_lbl00120   0x00051a    program     static                          
   ___case_65535_lbl00121   0x00051e    program     static                          
       ___case_1_lbl00122   0x000522    program     static                          
      ___default_lbl00123   0x000526    program     static                          
   ___switchexit_lbl00114   0x000528    program     static                          
       ___return_lbl00113   0x00052c    program     static                          
               device_dsc   0x000534    program     extern C:\Documents and Settings\Sales\Desktop\PIC18F2550 DIY PR26\source file\usb_descriptors.c
        configDescriptor1   0x000546    program     extern C:\Documents and Settings\Sales\Desktop\PIC18F2550 DIY PR26\source file\usb_descriptors.c
                    sd000   0x000568    program     extern C:\Documents and Settings\Sales\Desktop\PIC18F2550 DIY PR26\source file\usb_descriptors.c
                    sd001   0x00056c    program     extern C:\Documents and Settings\Sales\Desktop\PIC18F2550 DIY PR26\source file\usb_descriptors.c
                    sd002   0x0005a0    program     extern C:\Documents and Settings\Sales\Desktop\PIC18F2550 DIY PR26\source file\usb_descriptors.c
                hid_rpt01   0x0005ce    program     extern C:\Documents and Settings\Sales\Desktop\PIC18F2550 DIY PR26\source file\usb_descriptors.c
               USB_CD_Ptr   0x000611    program     extern C:\Documents and Settings\Sales\Desktop\PIC18F2550 DIY PR26\source file\usb_descriptors.c
               USB_SD_Ptr   0x000613    program     extern C:\Documents and Settings\Sales\Desktop\PIC18F2550 DIY PR26\source file\usb_descriptors.c
       USBCheckHIDRequest   0x00061a    program     extern C:\Documents and Settings\Sales\Desktop\PIC18F2550 DIY PR26\source file\usb_function_hid.c
      HIDGetReportHandler   0x0006f0    program     extern C:\Documents and Settings\Sales\Desktop\PIC18F2550 DIY PR26\source file\usb_function_hid.c
      HIDSetReportHandler   0x0006f2    program     extern C:\Documents and Settings\Sales\Desktop\PIC18F2550 DIY PR26\source file\usb_function_hid.c
                _do_cinit   0x0006f4    program     extern E:\c18v3.46\pic18-lt\cxx-framework\src\traditional\startup\c018i.c
                     test   0x00070e    program     static                          
                copy_loop   0x000766    program     static                          
            copy_one_byte   0x00076c    program     static                          
             done_copying   0x00077a    program     static                          
                     done   0x000790    program     static                          
       ___return_lbl00002   0x000790    program     static                          
                   memset   0x000792    program     extern E:\c18v3.46\pic18-lt\cxx-framework\src\traditional\stdclib\memset.asm
                    jLoop   0x0007a6    program     static E:\c18v3.46\pic18-lt\cxx-framework\src\traditional\stdclib\memset.asm
              _2jContinue   0x0007b2    program     static E:\c18v3.46\pic18-lt\cxx-framework\src\traditional\stdclib\memset.asm
                   _3jEnd   0x0007bc    program     static E:\c18v3.46\pic18-lt\cxx-framework\src\traditional\stdclib\memset.asm
                     jEnd   0x0007c4    program     static E:\c18v3.46\pic18-lt\cxx-framework\src\traditional\stdclib\memset.asm
            __zero_memory   0x0007c6    program     extern E:\c18v3.46\pic18-lt\cxx-framework\src\traditional\proc\p18f2550.asm
                   loop_h   0x0007d4    program     static E:\c18v3.46\pic18-lt\cxx-framework\src\traditional\proc\p18f2550.asm
               zero_block   0x0007d4    program     static E:\c18v3.46\pic18-lt\cxx-framework\src\traditional\proc\p18f2550.asm
                compare_l   0x0007dc    program     static E:\c18v3.46\pic18-lt\cxx-framework\src\traditional\proc\p18f2550.asm
                   loop_l   0x0007de    program     static E:\c18v3.46\pic18-lt\cxx-framework\src\traditional\proc\p18f2550.asm
                 _startup   0x0007e6    program     extern E:\c18v3.46\pic18-lt\cxx-framework\src\traditional\startup\c018i.c
                     loop   0x0007f6    program     static                          
       ___return_lbl00001   0x000800    program     static                          
                   _reset   0x001000    program     extern C:\Documents and Settings\Sales\Desktop\PIC18F2550 DIY PR26\source file\main.c
       ___return_lbl00000   0x001004    program     static                          
                   __init   0x001006    program     extern E:\c18v3.46\pic18-lt\cxx-framework\src\traditional\stdclib\__init.c
        Remapped_High_ISR   0x001008    program     extern C:\Documents and Settings\Sales\Desktop\PIC18F2550 DIY PR26\source file\main.c
       ___return_lbl00001   0x00100c    program     static                          
         Remapped_Low_ISR   0x001018    program     extern C:\Documents and Settings\Sales\Desktop\PIC18F2550 DIY PR26\source file\main.c
       ___return_lbl00002   0x00101c    program     static                          
            USBDeviceInit   0x00101e    program     extern C:\Documents and Settings\Sales\Desktop\PIC18F2550 DIY PR26\source file\usb_device.c
           USBDeviceTasks   0x0010c2    program     extern C:\Documents and Settings\Sales\Desktop\PIC18F2550 DIY PR26\source file\usb_device.c
          USBStallHandler   0x00124e    program     extern C:\Documents and Settings\Sales\Desktop\PIC18F2550 DIY PR26\source file\usb_device.c
               USBSuspend   0x001294    program     extern C:\Documents and Settings\Sales\Desktop\PIC18F2550 DIY PR26\source file\usb_device.c
       USBWakeFromSuspend   0x0012cc    program     extern C:\Documents and Settings\Sales\Desktop\PIC18F2550 DIY PR26\source file\usb_device.c
         USBCtrlEPService   0x00130a    program     extern C:\Documents and Settings\Sales\Desktop\PIC18F2550 DIY PR26\source file\usb_device.c
   USBCtrlTrfSetupHandler   0x00135e    program     extern C:\Documents and Settings\Sales\Desktop\PIC18F2550 DIY PR26\source file\usb_device.c
     USBCtrlTrfOutHandler   0x0013a4    program     extern C:\Documents and Settings\Sales\Desktop\PIC18F2550 DIY PR26\source file\usb_device.c
      USBCtrlTrfInHandler   0x0013b4    program     extern C:\Documents and Settings\Sales\Desktop\PIC18F2550 DIY PR26\source file\usb_device.c
USBPrepareForNextSetupTrf   0x001448    program     extern C:\Documents and Settings\Sales\Desktop\PIC18F2550 DIY PR26\source file\usb_device.c
       USBCheckStdRequest   0x001582    program     extern C:\Documents and Settings\Sales\Desktop\PIC18F2550 DIY PR26\source file\usb_device.c
  USBStdFeatureReqHandler   0x001640    program     extern C:\Documents and Settings\Sales\Desktop\PIC18F2550 DIY PR26\source file\usb_device.c
      USBStdGetDscHandler   0x00174c    program     extern C:\Documents and Settings\Sales\Desktop\PIC18F2550 DIY PR26\source file\usb_device.c
   USBStdGetStatusHandler   0x0017fa    program     extern C:\Documents and Settings\Sales\Desktop\PIC18F2550 DIY PR26\source file\usb_device.c
 USBCtrlEPServiceComplete   0x0018ae    program     extern C:\Documents and Settings\Sales\Desktop\PIC18F2550 DIY PR26\source file\usb_device.c
      USBCtrlTrfTxService   0x001a4c    program     extern C:\Documents and Settings\Sales\Desktop\PIC18F2550 DIY PR26\source file\usb_device.c
      USBCtrlTrfRxService   0x001b5e    program     extern C:\Documents and Settings\Sales\Desktop\PIC18F2550 DIY PR26\source file\usb_device.c
      USBStdSetCfgHandler   0x001c7e    program     extern C:\Documents and Settings\Sales\Desktop\PIC18F2550 DIY PR26\source file\usb_device.c
     USBConfigureEndpoint   0x001cf0    program     extern C:\Documents and Settings\Sales\Desktop\PIC18F2550 DIY PR26\source file\usb_device.c
        USBEnableEndpoint   0x001dba    program     extern C:\Documents and Settings\Sales\Desktop\PIC18F2550 DIY PR26\source file\usb_device.c
         USBStallEndpoint   0x001e26    program     extern C:\Documents and Settings\Sales\Desktop\PIC18F2550 DIY PR26\source file\usb_device.c
     USBTransferOnePacket   0x001f02    program     extern C:\Documents and Settings\Sales\Desktop\PIC18F2550 DIY PR26\source file\usb_device.c
    USBClearInterruptFlag   0x001fe0    program     extern C:\Documents and Settings\Sales\Desktop\PIC18F2550 DIY PR26\source file\usb_device.c
          USBDeviceDetach   0x002016    program     extern C:\Documents and Settings\Sales\Desktop\PIC18F2550 DIY PR26\source file\usb_device.c
          USBDeviceAttach   0x002018    program     extern C:\Documents and Settings\Sales\Desktop\PIC18F2550 DIY PR26\source file\usb_device.c
               __config_0   0x300000    program     static C:\Documents and Settings\Sales\Desktop\PIC18F2550 DIY PR26\source file\main.c
               __config_1   0x300001    program     static C:\Documents and Settings\Sales\Desktop\PIC18F2550 DIY PR26\source file\main.c
               __config_2   0x300002    program     static C:\Documents and Settings\Sales\Desktop\PIC18F2550 DIY PR26\source file\main.c
               __config_3   0x300003    program     static C:\Documents and Settings\Sales\Desktop\PIC18F2550 DIY PR26\source file\main.c
               __config_4   0x300005    program     static C:\Documents and Settings\Sales\Desktop\PIC18F2550 DIY PR26\source file\main.c
               __config_5   0x300006    program     static C:\Documents and Settings\Sales\Desktop\PIC18F2550 DIY PR26\source file\main.c
               __config_6   0x300008    program     static C:\Documents and Settings\Sales\Desktop\PIC18F2550 DIY PR26\source file\main.c
               __config_7   0x300009    program     static C:\Documents and Settings\Sales\Desktop\PIC18F2550 DIY PR26\source file\main.c
               __config_8   0x30000a    program     static C:\Documents and Settings\Sales\Desktop\PIC18F2550 DIY PR26\source file\main.c
               __config_9   0x30000b    program     static C:\Documents and Settings\Sales\Desktop\PIC18F2550 DIY PR26\source file\main.c
              __config_10   0x30000c    program     static C:\Documents and Settings\Sales\Desktop\PIC18F2550 DIY PR26\source file\main.c
              __config_11   0x30000d    program     static C:\Documents and Settings\Sales\Desktop\PIC18F2550 DIY PR26\source file\main.c
                  __REMB3   0x000000       data     extern E:\c18v3.46\pic18-lt\cxx-framework\src\traditional\math\aarg.asm
                 __AARGB7   0x000000       data     extern E:\c18v3.46\pic18-lt\cxx-framework\src\traditional\math\aarg.asm
                  __REMB2   0x000001       data     extern E:\c18v3.46\pic18-lt\cxx-framework\src\traditional\math\aarg.asm
                 __AARGB6   0x000001       data     extern E:\c18v3.46\pic18-lt\cxx-framework\src\traditional\math\aarg.asm
                 __AARGB5   0x000002       data     extern E:\c18v3.46\pic18-lt\cxx-framework\src\traditional\math\aarg.asm
                  __REMB1   0x000002       data     extern E:\c18v3.46\pic18-lt\cxx-framework\src\traditional\math\aarg.asm
                  __REMB0   0x000003       data     extern E:\c18v3.46\pic18-lt\cxx-framework\src\traditional\math\aarg.asm
                 __AARGB4   0x000003       data     extern E:\c18v3.46\pic18-lt\cxx-framework\src\traditional\math\aarg.asm
                 __AARGB3   0x000004       data     extern E:\c18v3.46\pic18-lt\cxx-framework\src\traditional\math\aarg.asm
                 __AARGB2   0x000005       data     extern E:\c18v3.46\pic18-lt\cxx-framework\src\traditional\math\aarg.asm
                 __AARGB1   0x000006       data     extern E:\c18v3.46\pic18-lt\cxx-framework\src\traditional\math\aarg.asm
                 __AARGB0   0x000007       data     extern E:\c18v3.46\pic18-lt\cxx-framework\src\traditional\math\aarg.asm
                   __AEXP   0x000008       data     extern E:\c18v3.46\pic18-lt\cxx-framework\src\traditional\math\aarg.asm
                     SIGN   0x000009       data     extern E:\c18v3.46\pic18-lt\cxx-framework\src\traditional\math\cmath18.asm
            __FPFLAGSbits   0x00000a       data     extern E:\c18v3.46\pic18-lt\cxx-framework\src\traditional\math\cmath18.asm
                __FPFLAGS   0x00000a       data     extern E:\c18v3.46\pic18-lt\cxx-framework\src\traditional\math\cmath18.asm
                  __tmp_0   0x00000b       data     static C:\Documents and Settings\Sales\Desktop\PIC18F2550 DIY PR26\source file\usb_device.c
                  __tmp_0   0x00000b       data     static C:\Documents and Settings\Sales\Desktop\PIC18F2550 DIY PR26\source file\main.c
           USBDeviceState   0x000060       data     extern C:\Documents and Settings\Sales\Desktop\PIC18F2550 DIY PR26\source file\usb_device.c
   USBActiveConfiguration   0x000061       data     extern C:\Documents and Settings\Sales\Desktop\PIC18F2550 DIY PR26\source file\usb_device.c
    USBAlternateInterface   0x000062       data     extern C:\Documents and Settings\Sales\Desktop\PIC18F2550 DIY PR26\source file\usb_device.c
   pBDTEntryEP0OutCurrent   0x000063       data     extern C:\Documents and Settings\Sales\Desktop\PIC18F2550 DIY PR26\source file\usb_device.c
      pBDTEntryEP0OutNext   0x000065       data     extern C:\Documents and Settings\Sales\Desktop\PIC18F2550 DIY PR26\source file\usb_device.c
             pBDTEntryOut   0x000067       data     extern C:\Documents and Settings\Sales\Desktop\PIC18F2550 DIY PR26\source file\usb_device.c
              pBDTEntryIn   0x00006b       data     extern C:\Documents and Settings\Sales\Desktop\PIC18F2550 DIY PR26\source file\usb_device.c
        shortPacketStatus   0x00006f       data     extern C:\Documents and Settings\Sales\Desktop\PIC18F2550 DIY PR26\source file\usb_device.c
     controlTransferState   0x000070       data     extern C:\Documents and Settings\Sales\Desktop\PIC18F2550 DIY PR26\source file\usb_device.c
                  inPipes   0x000071       data     extern C:\Documents and Settings\Sales\Desktop\PIC18F2550 DIY PR26\source file\usb_device.c
                 outPipes   0x000076       data     extern C:\Documents and Settings\Sales\Desktop\PIC18F2550 DIY PR26\source file\usb_device.c
                     pDst   0x00007d       data     extern C:\Documents and Settings\Sales\Desktop\PIC18F2550 DIY PR26\source file\usb_device.c
             RemoteWakeup   0x00007f       data     extern C:\Documents and Settings\Sales\Desktop\PIC18F2550 DIY PR26\source file\usb_device.c
                USTATcopy   0x000080       data     extern C:\Documents and Settings\Sales\Desktop\PIC18F2550 DIY PR26\source file\usb_device.c
       USBInMaxPacketSize   0x000081       data     extern C:\Documents and Settings\Sales\Desktop\PIC18F2550 DIY PR26\source file\usb_device.c
                USBInData   0x000083       data     extern C:\Documents and Settings\Sales\Desktop\PIC18F2550 DIY PR26\source file\usb_device.c
                  old_sw2   0x000085       data     extern C:\Documents and Settings\Sales\Desktop\PIC18F2550 DIY PR26\source file\main.c
                  old_sw3   0x000086       data     extern C:\Documents and Settings\Sales\Desktop\PIC18F2550 DIY PR26\source file\main.c
             emulate_mode   0x000087       data     extern C:\Documents and Settings\Sales\Desktop\PIC18F2550 DIY PR26\source file\main.c
          movement_length   0x000088       data     extern C:\Documents and Settings\Sales\Desktop\PIC18F2550 DIY PR26\source file\main.c
                   buffer   0x000089       data     extern C:\Documents and Settings\Sales\Desktop\PIC18F2550 DIY PR26\source file\main.c
         lastTransmission   0x00008c       data     extern C:\Documents and Settings\Sales\Desktop\PIC18F2550 DIY PR26\source file\main.c
                  x_value   0x00008e       data     static C:\Documents and Settings\Sales\Desktop\PIC18F2550 DIY PR26\source file\main.c
                  y_value   0x00008f       data     static C:\Documents and Settings\Sales\Desktop\PIC18F2550 DIY PR26\source file\main.c
                  z_value   0x000090       data     static C:\Documents and Settings\Sales\Desktop\PIC18F2550 DIY PR26\source file\main.c
                 Rz_value   0x000091       data     static C:\Documents and Settings\Sales\Desktop\PIC18F2550 DIY PR26\source file\main.c
              delay_count   0x000092       data     static C:\Documents and Settings\Sales\Desktop\PIC18F2550 DIY PR26\source file\main.c
                     prom   0x000094       data     static E:\c18v3.46\pic18-lt\cxx-framework\src\traditional\startup\c018i.c
                curr_byte   0x000097       data     static E:\c18v3.46\pic18-lt\cxx-framework\src\traditional\startup\c018i.c
               curr_entry   0x000099       data     static E:\c18v3.46\pic18-lt\cxx-framework\src\traditional\startup\c018i.c
                 data_ptr   0x00009b       data     static E:\c18v3.46\pic18-lt\cxx-framework\src\traditional\startup\c018i.c
                   vector   0x00009e       data     extern C:\Documents and Settings\Sales\Desktop\PIC18F2550 DIY PR26\source file\main.c
                   analog   0x00009f       data     extern C:\Documents and Settings\Sales\Desktop\PIC18F2550 DIY PR26\source file\main.c
             adc_progress   0x0000a0       data     extern C:\Documents and Settings\Sales\Desktop\PIC18F2550 DIY PR26\source file\main.c
                     step   0x0000a1       data     extern C:\Documents and Settings\Sales\Desktop\PIC18F2550 DIY PR26\source file\main.c
                idle_rate   0x0000a2       data     extern C:\Documents and Settings\Sales\Desktop\PIC18F2550 DIY PR26\source file\usb_function_hid.c
          active_protocol   0x0000a3       data     extern C:\Documents and Settings\Sales\Desktop\PIC18F2550 DIY PR26\source file\usb_function_hid.c
           hid_rpt_rx_len   0x0000a4       data     extern C:\Documents and Settings\Sales\Desktop\PIC18F2550 DIY PR26\source file\usb_function_hid.c
[...]
                     DDRB   0x000f93       data     extern E:\c18v3.46\pic18-lt\cxx-framework\src\traditional\proc\p18f2550.asm
                    TRISB   0x000f93       data     extern E:\c18v3.46\pic18-lt\cxx-framework\src\traditional\proc\p18f2550.asm
                TRISBbits   0x000f93       data     extern E:\c18v3.46\pic18-lt\cxx-framework\src\traditional\proc\p18f2550.asm
                 DDRBbits   0x000f93       data     extern E:\c18v3.46\pic18-lt\cxx-framework\src\traditional\proc\p18f2550.asm
                    TRISC   0x000f94       data     extern E:\c18v3.46\pic18-lt\cxx-framework\src\traditional\proc\p18f2550.asm
                TRISCbits   0x000f94       data     extern E:\c18v3.46\pic18-lt\cxx-framework\src\traditional\proc\p18f2550.asm
                     DDRC   0x000f94       data     extern E:\c18v3.46\pic18-lt\cxx-framework\src\traditional\proc\p18f2550.asm
                 DDRCbits   0x000f94       data     extern E:\c18v3.46\pic18-lt\cxx-framework\src\traditional\proc\p18f2550.asm
              OSCTUNEbits   0x000f9b       data     extern E:\c18v3.46\pic18-lt\cxx-framework\src\traditional\proc\p18f2550.asm
                  OSCTUNE   0x000f9b       data     extern E:\c18v3.46\pic18-lt\cxx-framework\src\traditional\proc\p18f2550.asm
                 PIE1bits   0x000f9d       data     extern E:\c18v3.46\pic18-lt\cxx-framework\src\traditional\proc\p18f2550.asm
                     PIE1   0x000f9d       data     extern E:\c18v3.46\pic18-lt\cxx-framework\src\traditional\proc\p18f2550.asm
                     PIR1   0x000f9e       data     extern E:\c18v3.46\pic18-lt\cxx-framework\src\traditional\proc\p18f2550.asm
                 PIR1bits   0x000f9e       data     extern E:\c18v3.46\pic18-lt\cxx-framework\src\traditional\proc\p18f2550.asm
                     IPR1   0x000f9f       data     extern E:\c18v3.46\pic18-lt\cxx-framework\src\traditional\proc\p18f2550.asm
                 IPR1bits   0x000f9f       data     extern E:\c18v3.46\pic18-lt\cxx-framework\src\traditional\proc\p18f2550.asm
                 PIE2bits   0x000fa0       data     extern E:\c18v3.46\pic18-lt\cxx-framework\src\traditional\proc\p18f2550.asm
                     PIE2   0x000fa0       data     extern E:\c18v3.46\pic18-lt\cxx-framework\src\traditional\proc\p18f2550.asm
                     PIR2   0x000fa1       data     extern E:\c18v3.46\pic18-lt\cxx-framework\src\traditional\proc\p18f2550.asm
                 PIR2bits   0x000fa1       data     extern E:\c18v3.46\pic18-lt\cxx-framework\src\traditional\proc\p18f2550.asm
                     IPR2   0x000fa2       data     extern E:\c18v3.46\pic18-lt\cxx-framework\src\traditional\proc\p18f2550.asm
                 IPR2bits   0x000fa2       data     extern E:\c18v3.46\pic18-lt\cxx-framework\src\traditional\proc\p18f2550.asm
                   EECON1   0x000fa6       data     extern E:\c18v3.46\pic18-lt\cxx-framework\src\traditional\proc\p18f2550.asm
               EECON1bits   0x000fa6       data     extern E:\c18v3.46\pic18-lt\cxx-framework\src\traditional\proc\p18f2550.asm
                   EECON2   0x000fa7       data     extern E:\c18v3.46\pic18-lt\cxx-framework\src\traditional\proc\p18f2550.asm
                   EEDATA   0x000fa8       data     extern E:\c18v3.46\pic18-lt\cxx-framework\src\traditional\proc\p18f2550.asm
                    EEADR   0x000fa9       data     extern E:\c18v3.46\pic18-lt\cxx-framework\src\traditional\proc\p18f2550.asm
                RCSTAbits   0x000fab       data     extern E:\c18v3.46\pic18-lt\cxx-framework\src\traditional\proc\p18f2550.asm
                    RCSTA   0x000fab       data     extern E:\c18v3.46\pic18-lt\cxx-framework\src\traditional\proc\p18f2550.asm
                    TXSTA   0x000fac       data     extern E:\c18v3.46\pic18-lt\cxx-framework\src\traditional\proc\p18f2550.asm
                TXSTAbits   0x000fac       data     extern E:\c18v3.46\pic18-lt\cxx-framework\src\traditional\proc\p18f2550.asm
                    TXREG   0x000fad       data     extern E:\c18v3.46\pic18-lt\cxx-framework\src\traditional\proc\p18f2550.asm
                    RCREG   0x000fae       data     extern E:\c18v3.46\pic18-lt\cxx-framework\src\traditional\proc\p18f2550.asm
                    SPBRG   0x000faf       data     extern E:\c18v3.46\pic18-lt\cxx-framework\src\traditional\proc\p18f2550.asm
                   SPBRGH   0x000fb0       data     extern E:\c18v3.46\pic18-lt\cxx-framework\src\traditional\proc\p18f2550.asm
                T3CONbits   0x000fb1       data     extern E:\c18v3.46\pic18-lt\cxx-framework\src\traditional\proc\p18f2550.asm
                    T3CON   0x000fb1       data     extern E:\c18v3.46\pic18-lt\cxx-framework\src\traditional\proc\p18f2550.asm
                    TMR3L   0x000fb2       data     extern E:\c18v3.46\pic18-lt\cxx-framework\src\traditional\proc\p18f2550.asm
                    TMR3H   0x000fb3       data     extern E:\c18v3.46\pic18-lt\cxx-framework\src\traditional\proc\p18f2550.asm
                CMCONbits   0x000fb4       data     extern E:\c18v3.46\pic18-lt\cxx-framework\src\traditional\proc\p18f2550.asm
                    CMCON   0x000fb4       data     extern E:\c18v3.46\pic18-lt\cxx-framework\src\traditional\proc\p18f2550.asm
                   CVRCON   0x000fb5       data     extern E:\c18v3.46\pic18-lt\cxx-framework\src\traditional\proc\p18f2550.asm
               CVRCONbits   0x000fb5       data     extern E:\c18v3.46\pic18-lt\cxx-framework\src\traditional\proc\p18f2550.asm
               CCP1ASbits   0x000fb6       data     extern E:\c18v3.46\pic18-lt\cxx-framework\src\traditional\proc\p18f2550.asm
                   CCP1AS   0x000fb6       data     extern E:\c18v3.46\pic18-lt\cxx-framework\src\traditional\proc\p18f2550.asm
                  ECCP1AS   0x000fb6       data     extern E:\c18v3.46\pic18-lt\cxx-framework\src\traditional\proc\p18f2550.asm
              ECCP1ASbits   0x000fb6       data     extern E:\c18v3.46\pic18-lt\cxx-framework\src\traditional\proc\p18f2550.asm
              CCP1DELbits   0x000fb7       data     extern E:\c18v3.46\pic18-lt\cxx-framework\src\traditional\proc\p18f2550.asm
                  CCP1DEL   0x000fb7       data     extern E:\c18v3.46\pic18-lt\cxx-framework\src\traditional\proc\p18f2550.asm
             ECCP1DELbits   0x000fb7       data     extern E:\c18v3.46\pic18-lt\cxx-framework\src\traditional\proc\p18f2550.asm
                 ECCP1DEL   0x000fb7       data     extern E:\c18v3.46\pic18-lt\cxx-framework\src\traditional\proc\p18f2550.asm
                  BAUDCON   0x000fb8       data     extern E:\c18v3.46\pic18-lt\cxx-framework\src\traditional\proc\p18f2550.asm
              BAUDCONbits   0x000fb8       data     extern E:\c18v3.46\pic18-lt\cxx-framework\src\traditional\proc\p18f2550.asm
                  BAUDCTL   0x000fb8       data     extern E:\c18v3.46\pic18-lt\cxx-framework\src\traditional\proc\p18f2550.asm
              BAUDCTLbits   0x000fb8       data     extern E:\c18v3.46\pic18-lt\cxx-framework\src\traditional\proc\p18f2550.asm
              CCP2CONbits   0x000fba       data     extern E:\c18v3.46\pic18-lt\cxx-framework\src\traditional\proc\p18f2550.asm
                  CCP2CON   0x000fba       data     extern E:\c18v3.46\pic18-lt\cxx-framework\src\traditional\proc\p18f2550.asm
                   CCPR2L   0x000fbb       data     extern E:\c18v3.46\pic18-lt\cxx-framework\src\traditional\proc\p18f2550.asm
                    CCPR2   0x000fbb       data     extern E:\c18v3.46\pic18-lt\cxx-framework\src\traditional\proc\p18f2550.asm
                   CCPR2H   0x000fbc       data     extern E:\c18v3.46\pic18-lt\cxx-framework\src\traditional\proc\p18f2550.asm
                  CCP1CON   0x000fbd       data     extern E:\c18v3.46\pic18-lt\cxx-framework\src\traditional\proc\p18f2550.asm
              CCP1CONbits   0x000fbd       data     extern E:\c18v3.46\pic18-lt\cxx-framework\src\traditional\proc\p18f2550.asm
                    CCPR1   0x000fbe       data     extern E:\c18v3.46\pic18-lt\cxx-framework\src\traditional\proc\p18f2550.asm
                   CCPR1L   0x000fbe       data     extern E:\c18v3.46\pic18-lt\cxx-framework\src\traditional\proc\p18f2550.asm
                   CCPR1H   0x000fbf       data     extern E:\c18v3.46\pic18-lt\cxx-framework\src\traditional\proc\p18f2550.asm
               ADCON2bits   0x000fc0       data     extern E:\c18v3.46\pic18-lt\cxx-framework\src\traditional\proc\p18f2550.asm
                   ADCON2   0x000fc0       data     extern E:\c18v3.46\pic18-lt\cxx-framework\src\traditional\proc\p18f2550.asm
               ADCON1bits   0x000fc1       data     extern E:\c18v3.46\pic18-lt\cxx-framework\src\traditional\proc\p18f2550.asm
                   ADCON1   0x000fc1       data     extern E:\c18v3.46\pic18-lt\cxx-framework\src\traditional\proc\p18f2550.asm
                   ADCON0   0x000fc2       data     extern E:\c18v3.46\pic18-lt\cxx-framework\src\traditional\proc\p18f2550.asm
               ADCON0bits   0x000fc2       data     extern E:\c18v3.46\pic18-lt\cxx-framework\src\traditional\proc\p18f2550.asm
                    ADRES   0x000fc3       data     extern E:\c18v3.46\pic18-lt\cxx-framework\src\traditional\proc\p18f2550.asm
                   ADRESL   0x000fc3       data     extern E:\c18v3.46\pic18-lt\cxx-framework\src\traditional\proc\p18f2550.asm
                   ADRESH   0x000fc4       data     extern E:\c18v3.46\pic18-lt\cxx-framework\src\traditional\proc\p18f2550.asm
                  SSPCON2   0x000fc5       data     extern E:\c18v3.46\pic18-lt\cxx-framework\src\traditional\proc\p18f2550.asm
              SSPCON2bits   0x000fc5       data     extern E:\c18v3.46\pic18-lt\cxx-framework\src\traditional\proc\p18f2550.asm
                  SSPCON1   0x000fc6       data     extern E:\c18v3.46\pic18-lt\cxx-framework\src\traditional\proc\p18f2550.asm
              SSPCON1bits   0x000fc6       data     extern E:\c18v3.46\pic18-lt\cxx-framework\src\traditional\proc\p18f2550.asm
                  SSPSTAT   0x000fc7       data     extern E:\c18v3.46\pic18-lt\cxx-framework\src\traditional\proc\p18f2550.asm
              SSPSTATbits   0x000fc7       data     extern E:\c18v3.46\pic18-lt\cxx-framework\src\traditional\proc\p18f2550.asm
                   SSPADD   0x000fc8       data     extern E:\c18v3.46\pic18-lt\cxx-framework\src\traditional\proc\p18f2550.asm
                   SSPBUF   0x000fc9       data     extern E:\c18v3.46\pic18-lt\cxx-framework\src\traditional\proc\p18f2550.asm
                T2CONbits   0x000fca       data     extern E:\c18v3.46\pic18-lt\cxx-framework\src\traditional\proc\p18f2550.asm
                    T2CON   0x000fca       data     extern E:\c18v3.46\pic18-lt\cxx-framework\src\traditional\proc\p18f2550.asm
                      PR2   0x000fcb       data     extern E:\c18v3.46\pic18-lt\cxx-framework\src\traditional\proc\p18f2550.asm
                     TMR2   0x000fcc       data     extern E:\c18v3.46\pic18-lt\cxx-framework\src\traditional\proc\p18f2550.asm
                T1CONbits   0x000fcd       data     extern E:\c18v3.46\pic18-lt\cxx-framework\src\traditional\proc\p18f2550.asm
                    T1CON   0x000fcd       data     extern E:\c18v3.46\pic18-lt\cxx-framework\src\traditional\proc\p18f2550.asm
                    TMR1L   0x000fce       data     extern E:\c18v3.46\pic18-lt\cxx-framework\src\traditional\proc\p18f2550.asm
                    TMR1H   0x000fcf       data     extern E:\c18v3.46\pic18-lt\cxx-framework\src\traditional\proc\p18f2550.asm
                     RCON   0x000fd0       data     extern E:\c18v3.46\pic18-lt\cxx-framework\src\traditional\proc\p18f2550.asm
                 RCONbits   0x000fd0       data     extern E:\c18v3.46\pic18-lt\cxx-framework\src\traditional\proc\p18f2550.asm
               WDTCONbits   0x000fd1       data     extern E:\c18v3.46\pic18-lt\cxx-framework\src\traditional\proc\p18f2550.asm
                   WDTCON   0x000fd1       data     extern E:\c18v3.46\pic18-lt\cxx-framework\src\traditional\proc\p18f2550.asm
               LVDCONbits   0x000fd2       data     extern E:\c18v3.46\pic18-lt\cxx-framework\src\traditional\proc\p18f2550.asm
                   LVDCON   0x000fd2       data     extern E:\c18v3.46\pic18-lt\cxx-framework\src\traditional\proc\p18f2550.asm
              HLVDCONbits   0x000fd2       data     extern E:\c18v3.46\pic18-lt\cxx-framework\src\traditional\proc\p18f2550.asm
                  HLVDCON   0x000fd2       data     extern E:\c18v3.46\pic18-lt\cxx-framework\src\traditional\proc\p18f2550.asm
               OSCCONbits   0x000fd3       data     extern E:\c18v3.46\pic18-lt\cxx-framework\src\traditional\proc\p18f2550.asm
                   OSCCON   0x000fd3       data     extern E:\c18v3.46\pic18-lt\cxx-framework\src\traditional\proc\p18f2550.asm
                T0CONbits   0x000fd5       data     extern E:\c18v3.46\pic18-lt\cxx-framework\src\traditional\proc\p18f2550.asm
                    T0CON   0x000fd5       data     extern E:\c18v3.46\pic18-lt\cxx-framework\src\traditional\proc\p18f2550.asm
                    TMR0L   0x000fd6       data     extern E:\c18v3.46\pic18-lt\cxx-framework\src\traditional\proc\p18f2550.asm
                    TMR0H   0x000fd7       data     extern E:\c18v3.46\pic18-lt\cxx-framework\src\traditional\proc\p18f2550.asm
               STATUSbits   0x000fd8       data     extern E:\c18v3.46\pic18-lt\cxx-framework\src\traditional\proc\p18f2550.asm
                   STATUS   0x000fd8       data     extern E:\c18v3.46\pic18-lt\cxx-framework\src\traditional\proc\p18f2550.asm
                    FSR2L   0x000fd9       data     extern E:\c18v3.46\pic18-lt\cxx-framework\src\traditional\proc\p18f2550.asm
                     FSR2   0x000fd9       data     extern E:\c18v3.46\pic18-lt\cxx-framework\src\traditional\proc\p18f2550.asm
                    FSR2H   0x000fda       data     extern E:\c18v3.46\pic18-lt\cxx-framework\src\traditional\proc\p18f2550.asm
                   PLUSW2   0x000fdb       data     extern E:\c18v3.46\pic18-lt\cxx-framework\src\traditional\proc\p18f2550.asm
                  PREINC2   0x000fdc       data     extern E:\c18v3.46\pic18-lt\cxx-framework\src\traditional\proc\p18f2550.asm
                 POSTDEC2   0x000fdd       data     extern E:\c18v3.46\pic18-lt\cxx-framework\src\traditional\proc\p18f2550.asm
                 POSTINC2   0x000fde       data     extern E:\c18v3.46\pic18-lt\cxx-framework\src\traditional\proc\p18f2550.asm
                    INDF2   0x000fdf       data     extern E:\c18v3.46\pic18-lt\cxx-framework\src\traditional\proc\p18f2550.asm
                      BSR   0x000fe0       data     extern E:\c18v3.46\pic18-lt\cxx-framework\src\traditional\proc\p18f2550.asm
                    FSR1L   0x000fe1       data     extern E:\c18v3.46\pic18-lt\cxx-framework\src\traditional\proc\p18f2550.asm
                     FSR1   0x000fe1       data     extern E:\c18v3.46\pic18-lt\cxx-framework\src\traditional\proc\p18f2550.asm
                    FSR1H   0x000fe2       data     extern E:\c18v3.46\pic18-lt\cxx-framework\src\traditional\proc\p18f2550.asm
                   PLUSW1   0x000fe3       data     extern E:\c18v3.46\pic18-lt\cxx-framework\src\traditional\proc\p18f2550.asm
                  PREINC1   0x000fe4       data     extern E:\c18v3.46\pic18-lt\cxx-framework\src\traditional\proc\p18f2550.asm
                 POSTDEC1   0x000fe5       data     extern E:\c18v3.46\pic18-lt\cxx-framework\src\traditional\proc\p18f2550.asm
                 POSTINC1   0x000fe6       data     extern E:\c18v3.46\pic18-lt\cxx-framework\src\traditional\proc\p18f2550.asm
                    INDF1   0x000fe7       data     extern E:\c18v3.46\pic18-lt\cxx-framework\src\traditional\proc\p18f2550.asm
                     WREG   0x000fe8       data     extern E:\c18v3.46\pic18-lt\cxx-framework\src\traditional\proc\p18f2550.asm
                     FSR0   0x000fe9       data     extern E:\c18v3.46\pic18-lt\cxx-framework\src\traditional\proc\p18f2550.asm
                    FSR0L   0x000fe9       data     extern E:\c18v3.46\pic18-lt\cxx-framework\src\traditional\proc\p18f2550.asm
                    FSR0H   0x000fea       data     extern E:\c18v3.46\pic18-lt\cxx-framework\src\traditional\proc\p18f2550.asm
                   PLUSW0   0x000feb       data     extern E:\c18v3.46\pic18-lt\cxx-framework\src\traditional\proc\p18f2550.asm
                  PREINC0   0x000fec       data     extern E:\c18v3.46\pic18-lt\cxx-framework\src\traditional\proc\p18f2550.asm
                 POSTDEC0   0x000fed       data     extern E:\c18v3.46\pic18-lt\cxx-framework\src\traditional\proc\p18f2550.asm
                 POSTINC0   0x000fee       data     extern E:\c18v3.46\pic18-lt\cxx-framework\src\traditional\proc\p18f2550.asm
                    INDF0   0x000fef       data     extern E:\c18v3.46\pic18-lt\cxx-framework\src\traditional\proc\p18f2550.asm
              INTCON3bits   0x000ff0       data     extern E:\c18v3.46\pic18-lt\cxx-framework\src\traditional\proc\p18f2550.asm
                  INTCON3   0x000ff0       data     extern E:\c18v3.46\pic18-lt\cxx-framework\src\traditional\proc\p18f2550.asm
              INTCON2bits   0x000ff1       data     extern E:\c18v3.46\pic18-lt\cxx-framework\src\traditional\proc\p18f2550.asm
                  INTCON2   0x000ff1       data     extern E:\c18v3.46\pic18-lt\cxx-framework\src\traditional\proc\p18f2550.asm
               INTCONbits   0x000ff2       data     extern E:\c18v3.46\pic18-lt\cxx-framework\src\traditional\proc\p18f2550.asm
                   INTCON   0x000ff2       data     extern E:\c18v3.46\pic18-lt\cxx-framework\src\traditional\proc\p18f2550.asm
                     PROD   0x000ff3       data     extern E:\c18v3.46\pic18-lt\cxx-framework\src\traditional\proc\p18f2550.asm
                    PRODL   0x000ff3       data     extern E:\c18v3.46\pic18-lt\cxx-framework\src\traditional\proc\p18f2550.asm
                    PRODH   0x000ff4       data     extern E:\c18v3.46\pic18-lt\cxx-framework\src\traditional\proc\p18f2550.asm
                   TABLAT   0x000ff5       data     extern E:\c18v3.46\pic18-lt\cxx-framework\src\traditional\proc\p18f2550.asm
                   TBLPTR   0x000ff6       data     extern E:\c18v3.46\pic18-lt\cxx-framework\src\traditional\proc\p18f2550.asm
                  TBLPTRL   0x000ff6       data     extern E:\c18v3.46\pic18-lt\cxx-framework\src\traditional\proc\p18f2550.asm
                  TBLPTRH   0x000ff7       data     extern E:\c18v3.46\pic18-lt\cxx-framework\src\traditional\proc\p18f2550.asm
                  TBLPTRU   0x000ff8       data     extern E:\c18v3.46\pic18-lt\cxx-framework\src\traditional\proc\p18f2550.asm
                      PCL   0x000ff9       data     extern E:\c18v3.46\pic18-lt\cxx-framework\src\traditional\proc\p18f2550.asm
                       PC   0x000ff9       data     extern E:\c18v3.46\pic18-lt\cxx-framework\src\traditional\proc\p18f2550.asm
                   PCLATH   0x000ffa       data     extern E:\c18v3.46\pic18-lt\cxx-framework\src\traditional\proc\p18f2550.asm
                   PCLATU   0x000ffb       data     extern E:\c18v3.46\pic18-lt\cxx-framework\src\traditional\proc\p18f2550.asm
                   STKPTR   0x000ffc       data     extern E:\c18v3.46\pic18-lt\cxx-framework\src\traditional\proc\p18f2550.asm
               STKPTRbits   0x000ffc       data     extern E:\c18v3.46\pic18-lt\cxx-framework\src\traditional\proc\p18f2550.asm
                      TOS   0x000ffd       data     extern E:\c18v3.46\pic18-lt\cxx-framework\src\traditional\proc\p18f2550.asm
                     TOSL   0x000ffd       data     extern E:\c18v3.46\pic18-lt\cxx-framework\src\traditional\proc\p18f2550.asm
                     TOSH   0x000ffe       data     extern E:\c18v3.46\pic18-lt\cxx-framework\src\traditional\proc\p18f2550.asm
                     TOSU   0x000fff       data     extern E:\c18v3.46\pic18-lt\cxx-framework\src\traditional\proc\p18f2550.asm


